Archive member included to satisfy reference by file (symbol)

C:/ST/STM32CubeIDE_2.0.0/STM32CubeIDE/plugins/com.st.stm32cube.ide.mcu.externaltools.gnu-tools-for-stm32.13.3.rel1.win32_1.0.100.202509120712/tools/bin/../lib/gcc/arm-none-eabi/13.3.1/../../../../arm-none-eabi/lib/thumb/v7e-m+dp/hard\libc_nano.a(libc_a-exit.o)
                              C:/ST/STM32CubeIDE_2.0.0/STM32CubeIDE/plugins/com.st.stm32cube.ide.mcu.externaltools.gnu-tools-for-stm32.13.3.rel1.win32_1.0.100.202509120712/tools/bin/../lib/gcc/arm-none-eabi/13.3.1/../../../../arm-none-eabi/lib/thumb/v7e-m+dp/hard/crt0.o (exit)
C:/ST/STM32CubeIDE_2.0.0/STM32CubeIDE/plugins/com.st.stm32cube.ide.mcu.externaltools.gnu-tools-for-stm32.13.3.rel1.win32_1.0.100.202509120712/tools/bin/../lib/gcc/arm-none-eabi/13.3.1/../../../../arm-none-eabi/lib/thumb/v7e-m+dp/hard\libc_nano.a(libc_a-strtoul.o)
                              ./Core/Src/commands.o (strtoul)
C:/ST/STM32CubeIDE_2.0.0/STM32CubeIDE/plugins/com.st.stm32cube.ide.mcu.externaltools.gnu-tools-for-stm32.13.3.rel1.win32_1.0.100.202509120712/tools/bin/../lib/gcc/arm-none-eabi/13.3.1/../../../../arm-none-eabi/lib/thumb/v7e-m+dp/hard\libc_nano.a(libc_a-ctype_.o)
                              C:/ST/STM32CubeIDE_2.0.0/STM32CubeIDE/plugins/com.st.stm32cube.ide.mcu.externaltools.gnu-tools-for-stm32.13.3.rel1.win32_1.0.100.202509120712/tools/bin/../lib/gcc/arm-none-eabi/13.3.1/../../../../arm-none-eabi/lib/thumb/v7e-m+dp/hard\libc_nano.a(libc_a-strtoul.o) (_ctype_)
C:/ST/STM32CubeIDE_2.0.0/STM32CubeIDE/plugins/com.st.stm32cube.ide.mcu.externaltools.gnu-tools-for-stm32.13.3.rel1.win32_1.0.100.202509120712/tools/bin/../lib/gcc/arm-none-eabi/13.3.1/../../../../arm-none-eabi/lib/thumb/v7e-m+dp/hard\libc_nano.a(libc_a-nano-vfprintf_float.o)
                              (_printf_float)
C:/ST/STM32CubeIDE_2.0.0/STM32CubeIDE/plugins/com.st.stm32cube.ide.mcu.externaltools.gnu-tools-for-stm32.13.3.rel1.win32_1.0.100.202509120712/tools/bin/../lib/gcc/arm-none-eabi/13.3.1/../../../../arm-none-eabi/lib/thumb/v7e-m+dp/hard\libc_nano.a(libc_a-nano-vfprintf_i.o)
                              C:/ST/STM32CubeIDE_2.0.0/STM32CubeIDE/plugins/com.st.stm32cube.ide.mcu.externaltools.gnu-tools-for-stm32.13.3.rel1.win32_1.0.100.202509120712/tools/bin/../lib/gcc/arm-none-eabi/13.3.1/../../../../arm-none-eabi/lib/thumb/v7e-m+dp/hard\libc_nano.a(libc_a-nano-vfprintf_float.o) (_printf_common)
C:/ST/STM32CubeIDE_2.0.0/STM32CubeIDE/plugins/com.st.stm32cube.ide.mcu.externaltools.gnu-tools-for-stm32.13.3.rel1.win32_1.0.100.202509120712/tools/bin/../lib/gcc/arm-none-eabi/13.3.1/../../../../arm-none-eabi/lib/thumb/v7e-m+dp/hard\libc_nano.a(libc_a-findfp.o)
                              C:/ST/STM32CubeIDE_2.0.0/STM32CubeIDE/plugins/com.st.stm32cube.ide.mcu.externaltools.gnu-tools-for-stm32.13.3.rel1.win32_1.0.100.202509120712/tools/bin/../lib/gcc/arm-none-eabi/13.3.1/../../../../arm-none-eabi/lib/thumb/v7e-m+dp/hard\libc_nano.a(libc_a-exit.o) (__stdio_exit_handler)
C:/ST/STM32CubeIDE_2.0.0/STM32CubeIDE/plugins/com.st.stm32cube.ide.mcu.externaltools.gnu-tools-for-stm32.13.3.rel1.win32_1.0.100.202509120712/tools/bin/../lib/gcc/arm-none-eabi/13.3.1/../../../../arm-none-eabi/lib/thumb/v7e-m+dp/hard\libc_nano.a(libc_a-fwalk.o)
                              C:/ST/STM32CubeIDE_2.0.0/STM32CubeIDE/plugins/com.st.stm32cube.ide.mcu.externaltools.gnu-tools-for-stm32.13.3.rel1.win32_1.0.100.202509120712/tools/bin/../lib/gcc/arm-none-eabi/13.3.1/../../../../arm-none-eabi/lib/thumb/v7e-m+dp/hard\libc_nano.a(libc_a-findfp.o) (_fwalk_sglue)
C:/ST/STM32CubeIDE_2.0.0/STM32CubeIDE/plugins/com.st.stm32cube.ide.mcu.externaltools.gnu-tools-for-stm32.13.3.rel1.win32_1.0.100.202509120712/tools/bin/../lib/gcc/arm-none-eabi/13.3.1/../../../../arm-none-eabi/lib/thumb/v7e-m+dp/hard\libc_nano.a(libc_a-printf.o)
                              ./Core/Src/commands.o (printf)
C:/ST/STM32CubeIDE_2.0.0/STM32CubeIDE/plugins/com.st.stm32cube.ide.mcu.externaltools.gnu-tools-for-stm32.13.3.rel1.win32_1.0.100.202509120712/tools/bin/../lib/gcc/arm-none-eabi/13.3.1/../../../../arm-none-eabi/lib/thumb/v7e-m+dp/hard\libc_nano.a(libc_a-puts.o)
                              ./Core/Src/commands.o (puts)
C:/ST/STM32CubeIDE_2.0.0/STM32CubeIDE/plugins/com.st.stm32cube.ide.mcu.externaltools.gnu-tools-for-stm32.13.3.rel1.win32_1.0.100.202509120712/tools/bin/../lib/gcc/arm-none-eabi/13.3.1/../../../../arm-none-eabi/lib/thumb/v7e-m+dp/hard\libc_nano.a(libc_a-setvbuf.o)
                              ./Core/Src/main.o (setvbuf)
C:/ST/STM32CubeIDE_2.0.0/STM32CubeIDE/plugins/com.st.stm32cube.ide.mcu.externaltools.gnu-tools-for-stm32.13.3.rel1.win32_1.0.100.202509120712/tools/bin/../lib/gcc/arm-none-eabi/13.3.1/../../../../arm-none-eabi/lib/thumb/v7e-m+dp/hard\libc_nano.a(libc_a-stdio.o)
[...]
Memory Configuration

Name             Origin             Length             Attributes
FLASH            0x08000000         0x00200000         xr
DTCMRAM          0x20000000         0x00020000         xrw
RAM_D1           0x24000000         0x00080000         xrw
RAM_D2           0x30000000         0x00048000         xrw
RAM_D3           0x38000000         0x00010000         xrw
ITCMRAM          0x00000000         0x00010000         xrw
*default*        0x00000000         0xffffffff

Linker script and memory map

LOAD C:/ST/STM32CubeIDE_2.0.0/STM32CubeIDE/plugins/com.st.stm32cube.ide.mcu.externaltools.gnu-tools-for-stm32.13.3.rel1.win32_1.0.100.202509120712/tools/bin/../lib/gcc/arm-none-eabi/13.3.1/thumb/v7e-m+dp/hard/crti.o
LOAD C:/ST/STM32CubeIDE_2.0.0/STM32CubeIDE/plugins/com.st.stm32cube.ide.mcu.externaltools.gnu-tools-for-stm32.13.3.rel1.win32_1.0.100.202509120712/tools/bin/../lib/gcc/arm-none-eabi/13.3.1/thumb/v7e-m+dp/hard/crtbegin.o
LOAD C:/ST/STM32CubeIDE_2.0.0/STM32CubeIDE/plugins/com.st.stm32cube.ide.mcu.externaltools.gnu-tools-for-stm32.13.3.rel1.win32_1.0.100.202509120712/tools/bin/../lib/gcc/arm-none-eabi/13.3.1/../../../../arm-none-eabi/lib/thumb/v7e-m+dp/hard/crt0.o
LOAD ./Core/Src/commands.o
LOAD ./Core/Src/flash.o
LOAD ./Core/Src/ground_calibration.o
LOAD ./Core/Src/iis2mdc.o
LOAD ./Core/Src/iis2mdc_reg.o
LOAD ./Core/Src/imu.o
LOAD ./Core/Src/logger.o
LOAD ./Core/Src/lsm6dso32x_reg.o
LOAD ./Core/Src/mag.o
LOAD ./Core/Src/main.o
LOAD ./Core/Src/ms5611.o
LOAD ./Core/Src/s25fl128s.o
LOAD ./Core/Src/sensors.o
LOAD ./Core/Src/stm32h7xx_hal_msp.o
LOAD ./Core/Src/stm32h7xx_it.o
LOAD ./Core/Src/syscalls.o
LOAD ./Core/Src/sysmem.o
LOAD ./Core/Src/system_stm32h7xx.o
LOAD ./Core/Startup/startup_stm32h743zitx.o
LOAD ./Drivers/STM32H7xx_HAL_Driver/Src/stm32h7xx_hal.o
LOAD ./Drivers/STM32H7xx_HAL_Driver/Src/stm32h7xx_hal_cortex.o
LOAD ./Drivers/STM32H7xx_HAL_Driver/Src/stm32h7xx_hal_dma.o
LOAD ./Drivers/STM32H7xx_HAL_Driver/Src/stm32h7xx_hal_dma_ex.o
LOAD ./Drivers/STM32H7xx_HAL_Driver/Src/stm32h7xx_hal_exti.o
LOAD ./Drivers/STM32H7xx_HAL_Driver/Src/stm32h7xx_hal_flash.o
LOAD ./Drivers/STM32H7xx_HAL_Driver/Src/stm32h7xx_hal_flash_ex.o
LOAD ./Drivers/STM32H7xx_HAL_Driver/Src/stm32h7xx_hal_gpio.o
LOAD ./Drivers/STM32H7xx_HAL_Driver/Src/stm32h7xx_hal_hsem.o
LOAD ./Drivers/STM32H7xx_HAL_Driver/Src/stm32h7xx_hal_i2c.o
LOAD ./Drivers/STM32H7xx_HAL_Driver/Src/stm32h7xx_hal_i2c_ex.o
LOAD ./Drivers/STM32H7xx_HAL_Driver/Src/stm32h7xx_hal_mdma.o
LOAD ./Drivers/STM32H7xx_HAL_Driver/Src/stm32h7xx_hal_pwr.o
LOAD ./Drivers/STM32H7xx_HAL_Driver/Src/stm32h7xx_hal_pwr_ex.o
LOAD ./Drivers/STM32H7xx_HAL_Driver/Src/stm32h7xx_hal_qspi.o
LOAD ./Drivers/STM32H7xx_HAL_Driver/Src/stm32h7xx_hal_rcc.o
LOAD ./Drivers/STM32H7xx_HAL_Driver/Src/stm32h7xx_hal_rcc_ex.o
LOAD ./Drivers/STM32H7xx_HAL_Driver/Src/stm32h7xx_hal_rtc.o
LOAD ./Drivers/STM32H7xx_HAL_Driver/Src/stm32h7xx_hal_rtc_ex.o
LOAD ./Drivers/STM32H7xx_HAL_Driver/Src/stm32h7xx_hal_tim.o
LOAD ./Drivers/STM32H7xx_HAL_Driver/Src/stm32h7xx_hal_tim_ex.o
LOAD ./Drivers/STM32H7xx_HAL_Driver/Src/stm32h7xx_hal_uart.o
LOAD ./Drivers/STM32H7xx_HAL_Driver/Src/stm32h7xx_hal_uart_ex.o
LOAD ./Drivers/STM32H7xx_HAL_Driver/Src/stm32h7xx_ll_delayblock.o
START GROUP
LOAD C:/ST/STM32CubeIDE_2.0.0/STM32CubeIDE/plugins/com.st.stm32cube.ide.mcu.externaltools.gnu-tools-for-stm32.13.3.rel1.win32_1.0.100.202509120712/tools/bin/../lib/gcc/arm-none-eabi/13.3.1/../../../../arm-none-eabi/lib/thumb/v7e-m+dp/hard\libc_nano.a
LOAD C:/ST/STM32CubeIDE_2.0.0/STM32CubeIDE/plugins/com.st.stm32cube.ide.mcu.externaltools.gnu-tools-for-stm32.13.3.rel1.win32_1.0.100.202509120712/tools/bin/../lib/gcc/arm-none-eabi/13.3.1/../../../../arm-none-eabi/lib/thumb/v7e-m+dp/hard\libm.a
END GROUP
START GROUP
LOAD C:/ST/STM32CubeIDE_2.0.0/STM32CubeIDE/plugins/com.st.stm32cube.ide.mcu.externaltools.gnu-tools-for-stm32.13.3.rel1.win32_1.0.100.202509120712/tools/bin/../lib/gcc/arm-none-eabi/13.3.1/thumb/v7e-m+dp/hard\libgcc.a
LOAD C:/ST/STM32CubeIDE_2.0.0/STM32CubeIDE/plugins/com.st.stm32cube.ide.mcu.externaltools.gnu-tools-for-stm32.13.3.rel1.win32_1.0.100.202509120712/tools/bin/../lib/gcc/arm-none-eabi/13.3.1/../../../../arm-none-eabi/lib/thumb/v7e-m+dp/hard\libc_nano.a
END GROUP
START GROUP
LOAD C:/ST/STM32CubeIDE_2.0.0/STM32CubeIDE/plugins/com.st.stm32cube.ide.mcu.externaltools.gnu-tools-for-stm32.13.3.rel1.win32_1.0.100.202509120712/tools/bin/../lib/gcc/arm-none-eabi/13.3.1/thumb/v7e-m+dp/hard\libgcc.a
LOAD C:/ST/STM32CubeIDE_2.0.0/STM32CubeIDE/plugins/com.st.stm32cube.ide.mcu.externaltools.gnu-tools-for-stm32.13.3.rel1.win32_1.0.100.202509120712/tools/bin/../lib/gcc/arm-none-eabi/13.3.1/../../../../arm-none-eabi/lib/thumb/v7e-m+dp/hard\libc_nano.a
LOAD C:/ST/STM32CubeIDE_2.0.0/STM32CubeIDE/plugins/com.st.stm32cube.ide.mcu.externaltools.gnu-tools-for-stm32.13.3.rel1.win32_1.0.100.202509120712/tools/bin/../lib/gcc/arm-none-eabi/13.3.1/../../../../arm-none-eabi/lib/thumb/v7e-m+dp/hard\libnosys.a
END GROUP
START GROUP
LOAD C:/ST/STM32CubeIDE_2.0.0/STM32CubeIDE/plugins/com.st.stm32cube.ide.mcu.externaltools.gnu-tools-for-stm32.13.3.rel1.win32_1.0.100.202509120712/tools/bin/../lib/gcc/arm-none-eabi/13.3.1/thumb/v7e-m+dp/hard\libgcc.a
LOAD C:/ST/STM32CubeIDE_2.0.0/STM32CubeIDE/plugins/com.st.stm32cube.ide.mcu.externaltools.gnu-tools-for-stm32.13.3.rel1.win32_1.0.100.202509120712/tools/bin/../lib/gcc/arm-none-eabi/13.3.1/../../../../arm-none-eabi/lib/thumb/v7e-m+dp/hard\libc_nano.a
LOAD C:/ST/STM32CubeIDE_2.0.0/STM32CubeIDE/plugins/com.st.stm32cube.ide.mcu.externaltools.gnu-tools-for-stm32.13.3.rel1.win32_1.0.100.202509120712/tools/bin/../lib/gcc/arm-none-eabi/13.3.1/../../../../arm-none-eabi/lib/thumb/v7e-m+dp/hard\libnosys.a
END GROUP
LOAD C:/ST/STM32CubeIDE_2.0.0/STM32CubeIDE/plugins/com.st.stm32cube.ide.mcu.externaltools.gnu-tools-for-stm32.13.3.rel1.win32_1.0.100.202509120712/tools/bin/../lib/gcc/arm-none-eabi/13.3.1/thumb/v7e-m+dp/hard/crtend.o
LOAD C:/ST/STM32CubeIDE_2.0.0/STM32CubeIDE/plugins/com.st.stm32cube.ide.mcu.externaltools.gnu-tools-for-stm32.13.3.rel1.win32_1.0.100.202509120712/tools/bin/../lib/gcc/arm-none-eabi/13.3.1/thumb/v7e-m+dp/hard/crtn.o
                0x24080000                        _estack = (ORIGIN (RAM_D1) + LENGTH (RAM_D1))
                0x00000200                        _Min_Heap_Size = 0x200
                0x00000400                        _Min_Stack_Size = 0x400

.isr_vector     0x08000000      0x298
                0x08000000                        . = ALIGN (0x4)
 *(.isr_vector)
 .isr_vector    0x08000000      0x298 ./Core/Startup/startup_stm32h743zitx.o
                0x08000000                g_pfnVectors
                0x08000298                        . = ALIGN (0x4)

.text           0x080002a0    0x13220
                0x080002a0                        . = ALIGN (0x4)
 *(.text)
 .text          0x080002a0       0x40 C:/ST/STM32CubeIDE_2.0.0/STM32CubeIDE/plugins/com.st.stm32cube.ide.mcu.externaltools.gnu-tools-for-stm32.13.3.rel1.win32_1.0.100.202509120712/tools/bin/../lib/gcc/arm-none-eabi/13.3.1/thumb/v7e-m+dp/hard/crtbegin.o
 .text          0x080002e0       0x14 C:/ST/STM32CubeIDE_2.0.0/STM32CubeIDE/plugins/com.st.stm32cube.ide.mcu.externaltools.gnu-tools-for-stm32.13.3.rel1.win32_1.0.100.202509120712/tools/bin/../lib/gcc/arm-none-eabi/13.3.1/../../../../arm-none-eabi/lib/thumb/v7e-m+dp/hard\libc_nano.a(libc_a-strcmp.o)
                0x080002e0                strcmp
 *fill*         0x080002f4        0xc 
 .text          0x08000300       0xa0 C:/ST/STM32CubeIDE_2.0.0/STM32CubeIDE/plugins/com.st.stm32cube.ide.mcu.externaltools.gnu-tools-for-stm32.13.3.rel1.win32_1.0.100.202509120712/tools/bin/../lib/gcc/arm-none-eabi/13.3.1/../../../../arm-none-eabi/lib/thumb/v7e-m+dp/hard\libc_nano.a(libc_a-memchr.o)
                0x08000300                memchr
 .text          0x080003a0       0x10 C:/ST/STM32CubeIDE_2.0.0/STM32CubeIDE/plugins/com.st.stm32cube.ide.mcu.externaltools.gnu-tools-for-stm32.13.3.rel1.win32_1.0.100.202509120712/tools/bin/../lib/gcc/arm-none-eabi/13.3.1/../../../../arm-none-eabi/lib/thumb/v7e-m+dp/hard\libc_nano.a(libc_a-strlen.o)
                0x080003a0                strlen
 .text          0x080003b0      0x21c C:/ST/STM32CubeIDE_2.0.0/STM32CubeIDE/plugins/com.st.stm32cube.ide.mcu.externaltools.gnu-tools-for-stm32.13.3.rel1.win32_1.0.100.202509120712/tools/bin/../lib/gcc/arm-none-eabi/13.3.1/thumb/v7e-m+dp/hard\libgcc.a(_arm_addsubsf3.o)
                0x080003b0                __aeabi_frsub
                0x080003b8                __subsf3
                0x080003b8                __aeabi_fsub
                0x080003bc                __aeabi_fadd
                0x080003bc                __addsf3
                0x0800051c                __aeabi_ui2f
                0x0800051c                __floatunsisf
                0x08000524                __aeabi_i2f
                0x08000524                __floatsisf
                0x08000540                __aeabi_ul2f
                0x08000540                __floatundisf
                0x08000550                __aeabi_l2f
                0x08000550                __floatdisf
 .text          0x080005cc       0x30 C:/ST/STM32CubeIDE_2.0.0/STM32CubeIDE/plugins/com.st.stm32cube.ide.mcu.externaltools.gnu-tools-for-stm32.13.3.rel1.win32_1.0.100.202509120712/tools/bin/../lib/gcc/arm-none-eabi/13.3.1/thumb/v7e-m+dp/hard\libgcc.a(_aeabi_uldivmod.o)
                0x080005cc                __aeabi_uldivmod
 .text          0x080005fc      0x2f8 C:/ST/STM32CubeIDE_2.0.0/STM32CubeIDE/plugins/com.st.stm32cube.ide.mcu.externaltools.gnu-tools-for-stm32.13.3.rel1.win32_1.0.100.202509120712/tools/bin/../lib/gcc/arm-none-eabi/13.3.1/thumb/v7e-m+dp/hard\libgcc.a(_udivmoddi4.o)
                0x080005fc                __udivmoddi4
 .text          0x080008f4        0x4 C:/ST/STM32CubeIDE_2.0.0/STM32CubeIDE/plugins/com.st.stm32cube.ide.mcu.externaltools.gnu-tools-for-stm32.13.3.rel1.win32_1.0.100.202509120712/tools/bin/../lib/gcc/arm-none-eabi/13.3.1/thumb/v7e-m+dp/hard\libgcc.a(_dvmd_tls.o)
                0x080008f4                __aeabi_idiv0
                0x080008f4                __aeabi_ldiv0
 *(.text*)
 .text.__NVIC_SystemReset
                0x080008f8       0x2c ./Core/Src/commands.o
 .text.command_process
                0x08000924      0x200 ./Core/Src/commands.o
                0x08000924                command_process
 .text.command_help
                0x08000b24      0x124 ./Core/Src/commands.o
                0x08000b24                command_help
 .text.command_status
                0x08000c48      0x1f0 ./Core/Src/commands.o
                0x08000c48                command_status
 .text.command_sensor_status
                0x08000e38      0x150 ./Core/Src/commands.o
                0x08000e38                command_sensor_status
 .text.command_reset
                0x08000f88       0x18 ./Core/Src/commands.o
                0x08000f88                command_reset
 .text.print_rtc_datetime
                0x08000fa0       0x88 ./Core/Src/commands.o
                0x08000fa0                print_rtc_datetime
 .text.reset_cause_capture
                0x08001028      0x154 ./Core/Src/commands.o
                0x08001028                reset_cause_capture
 .text.command_reset_cause
                0x0800117c      0x168 ./Core/Src/commands.o
                0x0800117c                command_reset_cause
 .text.command_calibration_state_name
                0x080012e4       0x74 ./Core/Src/commands.o
 .text.command_calibration_failure_name
                0x08001358       0x80 ./Core/Src/commands.o
 .text.command_calibration_is_busy
                0x080013d8       0x2e ./Core/Src/commands.o
 *fill*         0x08001406        0x2 
 .text.command_imu_readout
                0x08001408       0xe4 ./Core/Src/commands.o
                0x08001408                command_imu_readout
 .text.command_baro_readout
                0x080014ec       0xbc ./Core/Src/commands.o
                0x080014ec                command_baro_readout
 .text.command_calibrate_ground
                0x080015a8       0x68 ./Core/Src/commands.o
                0x080015a8                command_calibrate_ground
 .text.command_ground_confirm
                0x08001610       0x34 ./Core/Src/commands.o
                0x08001610                command_ground_confirm
 .text.command_flight_lock
                0x08001644       0x18 ./Core/Src/commands.o
                0x08001644                command_flight_lock
 .text.command_calibration_abort
                0x0800165c       0x30 ./Core/Src/commands.o
                0x0800165c                command_calibration_abort
 .text.command_calibration_status
                0x0800168c      0x168 ./Core/Src/commands.o
                0x0800168c                command_calibration_status
 .text.command_parse_u32
                0x080017f4       0x6e ./Core/Src/commands.o
 *fill*         0x08001862        0x2 
 .text.command_flash_read
                0x08001864      0x17c ./Core/Src/commands.o
                0x08001864                command_flash_read
 .text.command_log_start
                0x080019e0       0x90 ./Core/Src/commands.o
                0x080019e0                command_log_start
 .text.command_log_stop
                0x08001a70       0x38 ./Core/Src/commands.o
                0x08001a70                command_log_stop
 .text.command_log_clear
                0x08001aa8       0x94 ./Core/Src/commands.o
                0x08001aa8                command_log_clear
 *fill*         0x08001b3c        0x4 
 .text.command_log_dump
                0x08001b40      0x260 ./Core/Src/commands.o
                0x08001b40                command_log_dump
 .text.flash_print_qspi_debug
                0x08001da0       0x34 ./Core/Src/flash.o
 .text.flash_is_ready
                0x08001dd4       0x18 ./Core/Src/flash.o
                0x08001dd4                flash_is_ready
 .text.flash_init
                0x08001dec      0x1d8 ./Core/Src/flash.o
                0x08001dec                flash_init
 .text.flash_read
                0x08001fc4       0xac ./Core/Src/flash.o
                0x08001fc4                flash_read
 .text.flash_write
                0x08002070      0x144 ./Core/Src/flash.o
                0x08002070                flash_write
 .text.flash_erase_4k
                0x080021b4       0xdc ./Core/Src/flash.o
                0x080021b4                flash_erase_4k
 .text.elapsed_ms
                0x08002290       0x1c ./Core/Src/ground_calibration.o
 .text.time_is_after
                0x080022ac       0x26 ./Core/Src/ground_calibration.o
 .text.clamp_unit
                0x080022d2       0x4a ./Core/Src/ground_calibration.o
 .text.finite_vector3
                0x0800231c       0xa8 ./Core/Src/ground_calibration.o
 .text.scalar_statistics_add
                0x080023c4       0x8e ./Core/Src/ground_calibration.o
 .text.vector_statistics_add
                0x08002452       0xe0 ./Core/Src/ground_calibration.o
 *fill*         0x08002532        0x6 
 .text.scalar_statistics_stddev
                0x08002538       0x50 ./Core/Src/ground_calibration.o
 .text.vector_statistics_stddev
                0x08002588       0x60 ./Core/Src/ground_calibration.o
 .text.clear_collection_statistics
                0x080025e8       0x7c ./Core/Src/ground_calibration.o
 .text.reset_collection
                0x08002664       0x28 ./Core/Src/ground_calibration.o
 .text.begin_window_if_needed
                0x0800268c       0x38 ./Core/Src/ground_calibration.o
 .text.note_sample_time
                0x080026c4       0x4c ./Core/Src/ground_calibration.o
 .text.required_samples_are_current
                0x08002710       0x68 ./Core/Src/ground_calibration.o
 .text.sample_requirements_met
                0x08002778       0x84 ./Core/Src/ground_calibration.o
 *fill*         0x080027fc        0x4 
 .text.try_to_commit_result
                0x08002800      0x34c ./Core/Src/ground_calibration.o
 .text.ground_calibration_restart
                0x08002b4c       0x38 ./Core/Src/ground_calibration.o
                0x08002b4c                ground_calibration_restart
 .text.ground_calibration_abort
                0x08002b84       0x34 ./Core/Src/ground_calibration.o
                0x08002b84                ground_calibration_abort
 .text.ground_calibration_fault
                0x08002bb8       0x2c ./Core/Src/ground_calibration.o
                0x08002bb8                ground_calibration_fault
 .text.ground_calibration_update
                0x08002be4       0xf0 ./Core/Src/ground_calibration.o
                0x08002be4                ground_calibration_update
 .text.ground_calibration_process_imu
                0x08002cd4      0x210 ./Core/Src/ground_calibration.o
                0x08002cd4                ground_calibration_process_imu
 .text.ground_calibration_process_baro
                0x08002ee4      0x164 ./Core/Src/ground_calibration.o
                0x08002ee4                ground_calibration_process_baro
 .text.ground_calibration_get_state
                0x08003048       0x18 ./Core/Src/ground_calibration.o
                0x08003048                ground_calibration_get_state
 .text.ground_calibration_get_failure
                0x08003060       0x18 ./Core/Src/ground_calibration.o
                0x08003060                ground_calibration_get_failure
 .text.ground_calibration_get_result
                0x08003078       0x14 ./Core/Src/ground_calibration.o
                0x08003078                ground_calibration_get_result
 .text.ground_calibration_get_progress
                0x0800308c      0x108 ./Core/Src/ground_calibration.o
                0x0800308c                ground_calibration_get_progress
 .text.ground_calibration_is_ready
                0x08003194       0x30 ./Core/Src/ground_calibration.o
                0x08003194                ground_calibration_is_ready
 .text.ground_calibration_correct_gyro
                0x080031c4       0x7c ./Core/Src/ground_calibration.o
                0x080031c4                ground_calibration_correct_gyro
 .text.ground_calibration_altitude_agl_m
                0x08003240      0x10c ./Core/Src/ground_calibration.o
                0x08003240                ground_calibration_altitude_agl_m
 .text.platform_write
                0x0800334c       0x60 ./Core/Src/imu.o
 .text.platform_read
                0x080033ac       0x60 ./Core/Src/imu.o
 .text.lsm6dso32x_init
                0x0800340c      0x164 ./Core/Src/imu.o
                0x0800340c                lsm6dso32x_init
 .text.lsm6dso32x_poll
                0x08003570      0x218 ./Core/Src/imu.o
                0x08003570                lsm6dso32x_poll
 .text.imu_transform_sensor_to_body
                0x08003788       0xd0 ./Core/Src/imu.o
                0x08003788                imu_transform_sensor_to_body
 .text.logger_bytes_are_erased
                0x08003858       0x40 ./Core/Src/logger.o
 .text.logger_metadata_check
                0x08003898       0x3c ./Core/Src/logger.o
 .text.logger_expected_metadata
                0x080038d4       0x44 ./Core/Src/logger.o
 .text.logger_metadata_is_valid
                0x08003918       0x68 ./Core/Src/logger.o
 .text.logger_write_metadata
                0x08003980       0x24 ./Core/Src/logger.o
 .text.logger_get_record_address
                0x080039a4       0x50 ./Core/Src/logger.o
 .text.logger_init
                0x080039f4      0x21c ./Core/Src/logger.o
                0x080039f4                logger_init
 .text.logger_append
                0x08003c10      0x148 ./Core/Src/logger.o
                0x08003c10                logger_append
 .text.logger_get_record_count
                0x08003d58       0x18 ./Core/Src/logger.o
                0x08003d58                logger_get_record_count
 .text.logger_read_record
                0x08003d70       0x94 ./Core/Src/logger.o
                0x08003d70                logger_read_record
 .text.logger_erase
                0x08003e04       0xcc ./Core/Src/logger.o
                0x08003e04                logger_erase
 .text.logger_get_format_version
                0x08003ed0       0x10 ./Core/Src/logger.o
                0x08003ed0                logger_get_format_version
 .text.flash_logger_init
                0x08003ee0       0x84 ./Core/Src/logger.o
                0x08003ee0                flash_logger_init
 .text.logger_start
                0x08003f64       0xb4 ./Core/Src/logger.o
                0x08003f64                logger_start
 .text.logger_stop
                0x08004018       0x70 ./Core/Src/logger.o
                0x08004018                logger_stop
 .text.logger_is_active
                0x08004088       0x18 ./Core/Src/logger.o
                0x08004088                logger_is_active
 .text.lsm6dso32x_read_reg
                0x080040a0       0x3c ./Core/Src/lsm6dso32x_reg.o
                0x080040a0                lsm6dso32x_read_reg
 .text.lsm6dso32x_write_reg
                0x080040dc       0x3c ./Core/Src/lsm6dso32x_reg.o
                0x080040dc                lsm6dso32x_write_reg
 .text.lsm6dso32x_from_fs32_to_mg
                0x08004118       0x30 ./Core/Src/lsm6dso32x_reg.o
                0x08004118                lsm6dso32x_from_fs32_to_mg
 .text.lsm6dso32x_from_fs2000_to_mdps
                0x08004148       0x30 ./Core/Src/lsm6dso32x_reg.o
                0x08004148                lsm6dso32x_from_fs2000_to_mdps
 .text.lsm6dso32x_xl_full_scale_set
                0x08004178       0x4c ./Core/Src/lsm6dso32x_reg.o
                0x08004178                lsm6dso32x_xl_full_scale_set
 .text.lsm6dso32x_xl_data_rate_set
                0x080041c4      0x2e8 ./Core/Src/lsm6dso32x_reg.o
                0x080041c4                lsm6dso32x_xl_data_rate_set
 .text.lsm6dso32x_gy_full_scale_set
                0x080044ac       0x4c ./Core/Src/lsm6dso32x_reg.o
                0x080044ac                lsm6dso32x_gy_full_scale_set
 .text.lsm6dso32x_gy_data_rate_set
                0x080044f8      0x2e4 ./Core/Src/lsm6dso32x_reg.o
                0x080044f8                lsm6dso32x_gy_data_rate_set
 .text.lsm6dso32x_block_data_update_set
                0x080047dc       0x4c ./Core/Src/lsm6dso32x_reg.o
                0x080047dc                lsm6dso32x_block_data_update_set
 .text.lsm6dso32x_status_reg_get
                0x08004828       0x22 ./Core/Src/lsm6dso32x_reg.o
                0x08004828                lsm6dso32x_status_reg_get
 .text.lsm6dso32x_angular_rate_raw_get
                0x0800484a       0x9a ./Core/Src/lsm6dso32x_reg.o
                0x0800484a                lsm6dso32x_angular_rate_raw_get
 .text.lsm6dso32x_acceleration_raw_get
                0x080048e4       0x9a ./Core/Src/lsm6dso32x_reg.o
                0x080048e4                lsm6dso32x_acceleration_raw_get
 .text.lsm6dso32x_mem_bank_set
                0x0800497e       0x4c ./Core/Src/lsm6dso32x_reg.o
                0x0800497e                lsm6dso32x_mem_bank_set
 .text.lsm6dso32x_device_id_get
                0x080049ca       0x22 ./Core/Src/lsm6dso32x_reg.o
                0x080049ca                lsm6dso32x_device_id_get
 .text.lsm6dso32x_reset_set
                0x080049ec       0x4c ./Core/Src/lsm6dso32x_reg.o
                0x080049ec                lsm6dso32x_reset_set
 .text.lsm6dso32x_reset_get
                0x08004a38       0x3c ./Core/Src/lsm6dso32x_reg.o
                0x08004a38                lsm6dso32x_reset_get
 .text.lsm6dso32x_i3c_disable_set
                0x08004a74       0x8c ./Core/Src/lsm6dso32x_reg.o
                0x08004a74                lsm6dso32x_i3c_disable_set
 .text.lsm6dso32x_fsm_enable_get
                0x08004b00       0x42 ./Core/Src/lsm6dso32x_reg.o
                0x08004b00                lsm6dso32x_fsm_enable_get
 *fill*         0x08004b42        0x2 
 .text.lsm6dso32x_fsm_data_rate_get
                0x08004b44       0x98 ./Core/Src/lsm6dso32x_reg.o
                0x08004b44                lsm6dso32x_fsm_data_rate_get
 .text.lsm6dso32x_mlc_data_rate_get
                0x08004bdc       0x98 ./Core/Src/lsm6dso32x_reg.o
                0x08004bdc                lsm6dso32x_mlc_data_rate_get
 .text.lsm6dso32x_embedded_sens_get
                0x08004c74       0xc6 ./Core/Src/lsm6dso32x_reg.o
                0x08004c74                lsm6dso32x_embedded_sens_get
 *fill*         0x08004d3a        0x2 
 .text.__io_putchar
                0x08004d3c       0x24 ./Core/Src/main.o
                0x08004d3c                __io_putchar
 .text.main     0x08004d60      0xb0c ./Core/Src/main.o
                0x08004d60                main
 .text.SystemClock_Config
                0x0800586c       0xf8 ./Core/Src/main.o
                0x0800586c                SystemClock_Config
 .text.MX_I2C1_Init
                0x08005964       0x80 ./Core/Src/main.o
 .text.MX_I2C2_Init
                0x080059e4       0x80 ./Core/Src/main.o
 .text.MX_I2C3_Init
                0x08005a64       0x80 ./Core/Src/main.o
 .text.MX_QUADSPI_Init
                0x08005ae4       0x58 ./Core/Src/main.o
 .text.MX_RTC_Init
                0x08005b3c       0xd8 ./Core/Src/main.o
 .text.MX_USART1_UART_Init
                0x08005c14       0x98 ./Core/Src/main.o
 .text.MX_USART2_UART_Init
                0x08005cac       0x98 ./Core/Src/main.o
 .text.MX_GPIO_Init
                0x08005d44      0x17c ./Core/Src/main.o
 .text.flight_request_ground_calibration_restart
                0x08005ec0       0x30 ./Core/Src/main.o
                0x08005ec0                flight_request_ground_calibration_restart
 .text.flight_request_ground_calibration_abort
                0x08005ef0       0x18 ./Core/Src/main.o
                0x08005ef0                flight_request_ground_calibration_abort
 .text.flight_confirm_ground_mode
                0x08005f08       0x24 ./Core/Src/main.o
                0x08005f08                flight_confirm_ground_mode
 .text.flight_lock_ground_calibration
                0x08005f2c       0x3c ./Core/Src/main.o
                0x08005f2c                flight_lock_ground_calibration
 .text.flight_is_ground_mode_confirmed
                0x08005f68       0x18 ./Core/Src/main.o
                0x08005f68                flight_is_ground_mode_confirmed
 .text.flight_get_latest_imu_sample
                0x08005f80       0x48 ./Core/Src/main.o
                0x08005f80                flight_get_latest_imu_sample
 .text.flight_get_latest_baro_sample
                0x08005fc8       0x44 ./Core/Src/main.o
                0x08005fc8                flight_get_latest_baro_sample
 .text.flight_get_latest_altitude_agl_m
                0x0800600c       0x40 ./Core/Src/main.o
                0x0800600c                flight_get_latest_altitude_agl_m
 .text.HAL_UART_RxCpltCallback
                0x0800604c       0xd8 ./Core/Src/main.o
                0x0800604c                HAL_UART_RxCpltCallback
 .text.MPU_Config
                0x08006124       0x58 ./Core/Src/main.o
 .text.Error_Handler
                0x0800617c        0xc ./Core/Src/main.o
                0x0800617c                Error_Handler
 .text.MS5611_SendCommand
                0x08006188       0x26 ./Core/Src/ms5611.o
 .text.MS5611_ReadADC
                0x080061ae       0x4a ./Core/Src/ms5611.o
 .text.MS5611_ReadPROM
                0x080061f8       0x5c ./Core/Src/ms5611.o
 .text.MS5611_CalculateCRC4
                0x08006254       0xb2 ./Core/Src/ms5611.o
 .text.MS5611_PROMIsValid
                0x08006306       0x66 ./Core/Src/ms5611.o
 .text.MS5611_ADCIsValid
                0x0800636c       0x30 ./Core/Src/ms5611.o
 .text.MS5611_Compensate
                0x0800639c      0x714 ./Core/Src/ms5611.o
 .text.MS5611_ConversionReady
                0x08006ab0       0x24 ./Core/Src/ms5611.o
 .text.MS5611_DiscardPair
                0x08006ad4       0x24 ./Core/Src/ms5611.o
 .text.MS5611_Init
                0x08006af8       0xb8 ./Core/Src/ms5611.o
                0x08006af8                MS5611_Init
 .text.MS5611_Poll
                0x08006bb0      0x1a8 ./Core/Src/ms5611.o
                0x08006bb0                MS5611_Poll
 .text.S25FL128S_WriteEnable
                0x08006d58       0xba ./Core/Src/s25fl128s.o
                0x08006d58                S25FL128S_WriteEnable
 .text.S25FL128S_PageProgram
                0x08006e12       0xb4 ./Core/Src/s25fl128s.o
                0x08006e12                S25FL128S_PageProgram
 .text.S25FL128S_AutoPollingMemReady
                0x08006ec6       0x96 ./Core/Src/s25fl128s.o
                0x08006ec6                S25FL128S_AutoPollingMemReady
 .text.S25FL128S_ReadSTR
                0x08006f5c      0x124 ./Core/Src/s25fl128s.o
                0x08006f5c                S25FL128S_ReadSTR
 .text.S25FL128S_BlockErase
                0x08007080       0xa8 ./Core/Src/s25fl128s.o
                0x08007080                S25FL128S_BlockErase
 .text.S25FL128S_ReadStatusRegister
                0x08007128       0x86 ./Core/Src/s25fl128s.o
                0x08007128                S25FL128S_ReadStatusRegister
 .text.S25FL128S_ResetEnable
                0x080071ae       0x66 ./Core/Src/s25fl128s.o
                0x080071ae                S25FL128S_ResetEnable
 .text.S25FL128S_ResetMemory
                0x08007214       0x66 ./Core/Src/s25fl128s.o
                0x08007214                S25FL128S_ResetMemory
 .text.S25FL128S_ReadID
                0x0800727a       0x86 ./Core/Src/s25fl128s.o
                0x0800727a                S25FL128S_ReadID
 .text.sensor_id_is_valid
                0x08007300       0x22 ./Core/Src/sensors.o
 *fill*         0x08007322        0x2 
 .text.sensor_health_set_initialized
                0x08007324       0x80 ./Core/Src/sensors.o
                0x08007324                sensor_health_set_initialized
 .text.sensor_health_record_success
                0x080073a4       0x6c ./Core/Src/sensors.o
                0x080073a4                sensor_health_record_success
 .text.sensor_health_record_failure
                0x08007410       0x68 ./Core/Src/sensors.o
                0x08007410                sensor_health_record_failure
 .text.sensor_health_get
                0x08007478       0x64 ./Core/Src/sensors.o
                0x08007478                sensor_health_get
 .text.sensor_is_healthy
                0x080074dc       0x80 ./Core/Src/sensors.o
                0x080074dc                sensor_is_healthy
 .text.imu_is_healthy
                0x0800755c       0x10 ./Core/Src/sensors.o
                0x0800755c                imu_is_healthy
 .text.barometer_is_healthy
                0x0800756c       0x10 ./Core/Src/sensors.o
                0x0800756c                barometer_is_healthy
 .text.magnetometer_is_healthy
                0x0800757c       0x10 ./Core/Src/sensors.o
                0x0800757c                magnetometer_is_healthy
 .text.HAL_MspInit
                0x0800758c       0x34 ./Core/Src/stm32h7xx_hal_msp.o
                0x0800758c                HAL_MspInit
 .text.HAL_I2C_MspInit
                0x080075c0      0x264 ./Core/Src/stm32h7xx_hal_msp.o
                0x080075c0                HAL_I2C_MspInit
 .text.HAL_QSPI_MspInit
                0x08007824      0x174 ./Core/Src/stm32h7xx_hal_msp.o
                0x08007824                HAL_QSPI_MspInit
 .text.HAL_RTC_MspInit
                0x08007998       0x64 ./Core/Src/stm32h7xx_hal_msp.o
                0x08007998                HAL_RTC_MspInit
 .text.HAL_UART_MspInit
                0x080079fc      0x180 ./Core/Src/stm32h7xx_hal_msp.o
                0x080079fc                HAL_UART_MspInit
 .text.NMI_Handler
                0x08007b7c        0x8 ./Core/Src/stm32h7xx_it.o
                0x08007b7c                NMI_Handler
 .text.HardFault_Handler
                0x08007b84        0x8 ./Core/Src/stm32h7xx_it.o
                0x08007b84                HardFault_Handler
 .text.MemManage_Handler
                0x08007b8c        0x8 ./Core/Src/stm32h7xx_it.o
                0x08007b8c                MemManage_Handler
 .text.BusFault_Handler
                0x08007b94        0x8 ./Core/Src/stm32h7xx_it.o
                0x08007b94                BusFault_Handler
 .text.UsageFault_Handler
                0x08007b9c        0x8 ./Core/Src/stm32h7xx_it.o
                0x08007b9c                UsageFault_Handler
 .text.SVC_Handler
                0x08007ba4        0xe ./Core/Src/stm32h7xx_it.o
                0x08007ba4                SVC_Handler
 .text.DebugMon_Handler
                0x08007bb2        0xe ./Core/Src/stm32h7xx_it.o
                0x08007bb2                DebugMon_Handler
 .text.PendSV_Handler
                0x08007bc0        0xe ./Core/Src/stm32h7xx_it.o
                0x08007bc0                PendSV_Handler
 .text.SysTick_Handler
                0x08007bce        0xc ./Core/Src/stm32h7xx_it.o
                0x08007bce                SysTick_Handler
 *fill*         0x08007bda        0x2 
 .text.USART1_IRQHandler
                0x08007bdc       0x14 ./Core/Src/stm32h7xx_it.o
                0x08007bdc                USART1_IRQHandler
 .text._getpid  0x08007bf0       0x10 ./Core/Src/syscalls.o
                0x08007bf0                _getpid
 .text._kill    0x08007c00       0x20 ./Core/Src/syscalls.o
                0x08007c00                _kill
 .text._exit    0x08007c20       0x16 ./Core/Src/syscalls.o
                0x08007c20                _exit
 .text._read    0x08007c36       0x3a ./Core/Src/syscalls.o
                0x08007c36                _read
 .text._write   0x08007c70       0x38 ./Core/Src/syscalls.o
                0x08007c70                _write
 .text._close   0x08007ca8       0x18 ./Core/Src/syscalls.o
                0x08007ca8                _close
 .text._fstat   0x08007cc0       0x20 ./Core/Src/syscalls.o
                0x08007cc0                _fstat
 .text._isatty  0x08007ce0       0x16 ./Core/Src/syscalls.o
                0x08007ce0                _isatty
 .text._lseek   0x08007cf6       0x1a ./Core/Src/syscalls.o
                0x08007cf6                _lseek
 .text._sbrk    0x08007d10       0x6c ./Core/Src/sysmem.o
                0x08007d10                _sbrk
 .text.SystemInit
                0x08007d7c      0x140 ./Core/Src/system_stm32h7xx.o
                0x08007d7c                SystemInit
 .text.ExitRun0Mode
                0x08007ebc       0x30 ./Core/Src/system_stm32h7xx.o
                0x08007ebc                ExitRun0Mode
 .text.Reset_Handler
                0x08007eec       0x54 ./Core/Startup/startup_stm32h743zitx.o
                0x08007eec                Reset_Handler
 .text.Default_Handler
                0x08007f40        0x2 ./Core/Startup/startup_stm32h743zitx.o
                0x08007f40                RTC_Alarm_IRQHandler
                0x08007f40                EXTI2_IRQHandler
                0x08007f40                TIM8_CC_IRQHandler
                0x08007f40                HRTIM1_Master_IRQHandler
                0x08007f40                UART8_IRQHandler
                0x08007f40                SPI4_IRQHandler
                0x08007f40                TIM1_CC_IRQHandler
                0x08007f40                BDMA_Channel6_IRQHandler
                0x08007f40                DMA2_Stream5_IRQHandler
                0x08007f40                HRTIM1_FLT_IRQHandler
                0x08007f40                JPEG_IRQHandler
                0x08007f40                DMA1_Stream5_IRQHandler
                0x08007f40                BDMA_Channel1_IRQHandler
                0x08007f40                HRTIM1_TIMD_IRQHandler
                0x08007f40                TAMP_STAMP_IRQHandler
                0x08007f40                EXTI3_IRQHandler
                0x08007f40                LPTIM4_IRQHandler
                0x08007f40                TIM8_TRG_COM_TIM14_IRQHandler
                0x08007f40                LPTIM2_IRQHandler
                0x08007f40                DFSDM1_FLT1_IRQHandler
                0x08007f40                DMAMUX2_OVR_IRQHandler
                0x08007f40                TIM8_UP_TIM13_IRQHandler
                0x08007f40                I2C3_ER_IRQHandler
                0x08007f40                DFSDM1_FLT2_IRQHandler
                0x08007f40                MDMA_IRQHandler
                0x08007f40                LPTIM3_IRQHandler
                0x08007f40                HSEM1_IRQHandler
                0x08007f40                EXTI0_IRQHandler
                0x08007f40                I2C2_EV_IRQHandler
                0x08007f40                DMA1_Stream2_IRQHandler
                0x08007f40                FPU_IRQHandler
                0x08007f40                OTG_HS_WKUP_IRQHandler
                0x08007f40                FDCAN1_IT1_IRQHandler
                0x08007f40                LTDC_ER_IRQHandler
                0x08007f40                DMA2_Stream2_IRQHandler
                0x08007f40                HRTIM1_TIME_IRQHandler
                0x08007f40                SPI1_IRQHandler
                0x08007f40                TIM6_DAC_IRQHandler
                0x08007f40                DCMI_IRQHandler
                0x08007f40                HRTIM1_TIMC_IRQHandler
                0x08007f40                DMA2_Stream3_IRQHandler
                0x08007f40                SAI2_IRQHandler
                0x08007f40                DFSDM1_FLT3_IRQHandler
                0x08007f40                USART6_IRQHandler
                0x08007f40                TIM17_IRQHandler
                0x08007f40                USART3_IRQHandler
                0x08007f40                BDMA_Channel7_IRQHandler
                0x08007f40                LPTIM5_IRQHandler
                0x08007f40                UART5_IRQHandler
                0x08007f40                ADC3_IRQHandler
                0x08007f40                DMA2_Stream0_IRQHandler
                0x08007f40                TIM4_IRQHandler
                0x08007f40                BDMA_Channel2_IRQHandler
                0x08007f40                QUADSPI_IRQHandler
                0x08007f40                I2C1_EV_IRQHandler
                0x08007f40                DMA1_Stream6_IRQHandler
                0x08007f40                DMAMUX1_OVR_IRQHandler
                0x08007f40                DMA1_Stream1_IRQHandler
                0x08007f40                TIM16_IRQHandler
                0x08007f40                UART4_IRQHandler
                0x08007f40                BDMA_Channel5_IRQHandler
                0x08007f40                TIM3_IRQHandler
                0x08007f40                RCC_IRQHandler
                0x08007f40                TIM8_BRK_TIM12_IRQHandler
                0x08007f40                TIM1_TRG_COM_IRQHandler
                0x08007f40                Default_Handler
                0x08007f40                ECC_IRQHandler
                0x08007f40                CEC_IRQHandler
                0x08007f40                EXTI15_10_IRQHandler
                0x08007f40                BDMA_Channel0_IRQHandler
                0x08007f40                ADC_IRQHandler
                0x08007f40                DMA1_Stream7_IRQHandler
                0x08007f40                HRTIM1_TIMA_IRQHandler
                0x08007f40                SPI5_IRQHandler
                0x08007f40                TIM7_IRQHandler
                0x08007f40                SDMMC1_IRQHandler
                0x08007f40                TIM5_IRQHandler
                0x08007f40                DMA2_Stream7_IRQHandler
                0x08007f40                TIM15_IRQHandler
                0x08007f40                PVD_AVD_IRQHandler
                0x08007f40                I2C3_EV_IRQHandler
                0x08007f40                EXTI9_5_IRQHandler
                0x08007f40                RTC_WKUP_IRQHandler
                0x08007f40                LTDC_IRQHandler
                0x08007f40                SAI3_IRQHandler
                0x08007f40                ETH_WKUP_IRQHandler
                0x08007f40                SPDIF_RX_IRQHandler
                0x08007f40                SPI2_IRQHandler
                0x08007f40                OTG_HS_EP1_IN_IRQHandler
                0x08007f40                DMA1_Stream0_IRQHandler
                0x08007f40                CRS_IRQHandler
                0x08007f40                EXTI4_IRQHandler
                0x08007f40                RNG_IRQHandler
                0x08007f40                HRTIM1_TIMB_IRQHandler
                0x08007f40                FDCAN2_IT1_IRQHandler
                0x08007f40                ETH_IRQHandler
                0x08007f40                TIM1_UP_IRQHandler
                0x08007f40                BDMA_Channel4_IRQHandler
                0x08007f40                OTG_HS_EP1_OUT_IRQHandler
                0x08007f40                WWDG_IRQHandler
                0x08007f40                SPI6_IRQHandler
                0x08007f40                MDIOS_IRQHandler
                0x08007f40                I2C4_EV_IRQHandler
                0x08007f40                FDCAN2_IT0_IRQHandler
                0x08007f40                LPUART1_IRQHandler
                0x08007f40                FDCAN1_IT0_IRQHandler
                0x08007f40                TIM2_IRQHandler
                0x08007f40                OTG_FS_WKUP_IRQHandler
                0x08007f40                OTG_HS_IRQHandler
                0x08007f40                DMA2D_IRQHandler
                0x08007f40                TIM1_BRK_IRQHandler
                0x08007f40                EXTI1_IRQHandler
                0x08007f40                SDMMC2_IRQHandler
                0x08007f40                OTG_FS_EP1_OUT_IRQHandler
                0x08007f40                BDMA_Channel3_IRQHandler
                0x08007f40                UART7_IRQHandler
                0x08007f40                MDIOS_WKUP_IRQHandler
                0x08007f40                USART2_IRQHandler
                0x08007f40                DFSDM1_FLT0_IRQHandler
                0x08007f40                SAI4_IRQHandler
                0x08007f40                I2C2_ER_IRQHandler
                0x08007f40                DMA2_Stream1_IRQHandler
                0x08007f40                FLASH_IRQHandler
                0x08007f40                DMA2_Stream4_IRQHandler
                0x08007f40                OTG_FS_IRQHandler
                0x08007f40                SPI3_IRQHandler
                0x08007f40                WAKEUP_PIN_IRQHandler
                0x08007f40                DMA1_Stream4_IRQHandler
                0x08007f40                OTG_FS_EP1_IN_IRQHandler
                0x08007f40                I2C1_ER_IRQHandler
                0x08007f40                FMC_IRQHandler
                0x08007f40                FDCAN_CAL_IRQHandler
                0x08007f40                SWPMI1_IRQHandler
                0x08007f40                COMP1_IRQHandler
                0x08007f40                LPTIM1_IRQHandler
                0x08007f40                I2C4_ER_IRQHandler
                0x08007f40                DMA2_Stream6_IRQHandler
                0x08007f40                SAI1_IRQHandler
                0x08007f40                DMA1_Stream3_IRQHandler
 *fill*         0x08007f42        0x2 
 .text.HAL_Init
                0x08007f44       0x78 ./Drivers/STM32H7xx_HAL_Driver/Src/stm32h7xx_hal.o
                0x08007f44                HAL_Init
 .text.HAL_InitTick
                0x08007fbc       0x6c ./Drivers/STM32H7xx_HAL_Driver/Src/stm32h7xx_hal.o
                0x08007fbc                HAL_InitTick
 .text.HAL_IncTick
                0x08008028       0x28 ./Drivers/STM32H7xx_HAL_Driver/Src/stm32h7xx_hal.o
                0x08008028                HAL_IncTick
 .text.HAL_GetTick
                0x08008050       0x18 ./Drivers/STM32H7xx_HAL_Driver/Src/stm32h7xx_hal.o
                0x08008050                HAL_GetTick
 .text.HAL_Delay
                0x08008068       0x48 ./Drivers/STM32H7xx_HAL_Driver/Src/stm32h7xx_hal.o
                0x08008068                HAL_Delay
 .text.HAL_GetREVID
                0x080080b0       0x18 ./Drivers/STM32H7xx_HAL_Driver/Src/stm32h7xx_hal.o
                0x080080b0                HAL_GetREVID
 .text.__NVIC_SetPriorityGrouping
                0x080080c8       0x48 ./Drivers/STM32H7xx_HAL_Driver/Src/stm32h7xx_hal_cortex.o
 .text.__NVIC_GetPriorityGrouping
                0x08008110       0x1c ./Drivers/STM32H7xx_HAL_Driver/Src/stm32h7xx_hal_cortex.o
 .text.__NVIC_EnableIRQ
                0x0800812c       0x3c ./Drivers/STM32H7xx_HAL_Driver/Src/stm32h7xx_hal_cortex.o
 .text.__NVIC_SetPriority
                0x08008168       0x54 ./Drivers/STM32H7xx_HAL_Driver/Src/stm32h7xx_hal_cortex.o
 .text.NVIC_EncodePriority
                0x080081bc       0x66 ./Drivers/STM32H7xx_HAL_Driver/Src/stm32h7xx_hal_cortex.o
 *fill*         0x08008222        0x2 
 .text.SysTick_Config
                0x08008224       0x44 ./Drivers/STM32H7xx_HAL_Driver/Src/stm32h7xx_hal_cortex.o
 .text.HAL_NVIC_SetPriorityGrouping
                0x08008268       0x16 ./Drivers/STM32H7xx_HAL_Driver/Src/stm32h7xx_hal_cortex.o
                0x08008268                HAL_NVIC_SetPriorityGrouping
 .text.HAL_NVIC_SetPriority
                0x0800827e       0x34 ./Drivers/STM32H7xx_HAL_Driver/Src/stm32h7xx_hal_cortex.o
                0x0800827e                HAL_NVIC_SetPriority
 .text.HAL_NVIC_EnableIRQ
                0x080082b2       0x1c ./Drivers/STM32H7xx_HAL_Driver/Src/stm32h7xx_hal_cortex.o
                0x080082b2                HAL_NVIC_EnableIRQ
 .text.HAL_SYSTICK_Config
                0x080082ce       0x18 ./Drivers/STM32H7xx_HAL_Driver/Src/stm32h7xx_hal_cortex.o
                0x080082ce                HAL_SYSTICK_Config
 *fill*         0x080082e6        0x2 
 .text.HAL_MPU_Disable
                0x080082e8       0x30 ./Drivers/STM32H7xx_HAL_Driver/Src/stm32h7xx_hal_cortex.o
                0x080082e8                HAL_MPU_Disable
 .text.HAL_MPU_Enable
                0x08008318       0x40 ./Drivers/STM32H7xx_HAL_Driver/Src/stm32h7xx_hal_cortex.o
                0x08008318                HAL_MPU_Enable
 .text.HAL_MPU_ConfigRegion
                0x08008358       0x80 ./Drivers/STM32H7xx_HAL_Driver/Src/stm32h7xx_hal_cortex.o
                0x08008358                HAL_MPU_ConfigRegion
 .text.HAL_DMA_Abort
                0x080083d8      0x63c ./Drivers/STM32H7xx_HAL_Driver/Src/stm32h7xx_hal_dma.o
                0x080083d8                HAL_DMA_Abort
 .text.HAL_DMA_Abort_IT
                0x08008a14      0x48c ./Drivers/STM32H7xx_HAL_Driver/Src/stm32h7xx_hal_dma.o
                0x08008a14                HAL_DMA_Abort_IT
 .text.HAL_GPIO_Init
                0x08008ea0      0x360 ./Drivers/STM32H7xx_HAL_Driver/Src/stm32h7xx_hal_gpio.o
                0x08008ea0                HAL_GPIO_Init
 .text.HAL_GPIO_WritePin
                0x08009200       0x32 ./Drivers/STM32H7xx_HAL_Driver/Src/stm32h7xx_hal_gpio.o
                0x08009200                HAL_GPIO_WritePin
 *fill*         0x08009232        0x2 
 .text.HAL_I2C_Init
                0x08009234      0x138 ./Drivers/STM32H7xx_HAL_Driver/Src/stm32h7xx_hal_i2c.o
                0x08009234                HAL_I2C_Init
 .text.HAL_I2C_Master_Transmit
                0x0800936c      0x230 ./Drivers/STM32H7xx_HAL_Driver/Src/stm32h7xx_hal_i2c.o
                0x0800936c                HAL_I2C_Master_Transmit
 .text.HAL_I2C_Mem_Write
                0x0800959c      0x228 ./Drivers/STM32H7xx_HAL_Driver/Src/stm32h7xx_hal_i2c.o
                0x0800959c                HAL_I2C_Mem_Write
 .text.HAL_I2C_Mem_Read
                0x080097c4      0x234 ./Drivers/STM32H7xx_HAL_Driver/Src/stm32h7xx_hal_i2c.o
                0x080097c4                HAL_I2C_Mem_Read
 .text.I2C_RequestMemoryWrite
                0x080099f8       0xa8 ./Drivers/STM32H7xx_HAL_Driver/Src/stm32h7xx_hal_i2c.o
 .text.I2C_RequestMemoryRead
                0x08009aa0       0xa8 ./Drivers/STM32H7xx_HAL_Driver/Src/stm32h7xx_hal_i2c.o
 .text.I2C_Flush_TXDR
                0x08009b48       0x48 ./Drivers/STM32H7xx_HAL_Driver/Src/stm32h7xx_hal_i2c.o
 .text.I2C_WaitOnFlagUntilTimeout
                0x08009b90       0xb2 ./Drivers/STM32H7xx_HAL_Driver/Src/stm32h7xx_hal_i2c.o
 .text.I2C_WaitOnTXISFlagUntilTimeout
                0x08009c42       0x8e ./Drivers/STM32H7xx_HAL_Driver/Src/stm32h7xx_hal_i2c.o
 .text.I2C_WaitOnSTOPFlagUntilTimeout
                0x08009cd0       0x86 ./Drivers/STM32H7xx_HAL_Driver/Src/stm32h7xx_hal_i2c.o
 *fill*         0x08009d56        0x2 
 .text.I2C_IsErrorOccurred
                0x08009d58      0x1c0 ./Drivers/STM32H7xx_HAL_Driver/Src/stm32h7xx_hal_i2c.o
 .text.I2C_TransferConfig
                0x08009f18       0x64 ./Drivers/STM32H7xx_HAL_Driver/Src/stm32h7xx_hal_i2c.o
 .text.HAL_I2CEx_ConfigAnalogFilter
                0x08009f7c       0x96 ./Drivers/STM32H7xx_HAL_Driver/Src/stm32h7xx_hal_i2c_ex.o
                0x08009f7c                HAL_I2CEx_ConfigAnalogFilter
 .text.HAL_I2CEx_ConfigDigitalFilter
                0x0800a012       0x98 ./Drivers/STM32H7xx_HAL_Driver/Src/stm32h7xx_hal_i2c_ex.o
                0x0800a012                HAL_I2CEx_ConfigDigitalFilter
 *fill*         0x0800a0aa        0x2 
 .text.HAL_PWREx_ConfigSupply
                0x0800a0ac       0x74 ./Drivers/STM32H7xx_HAL_Driver/Src/stm32h7xx_hal_pwr_ex.o
                0x0800a0ac                HAL_PWREx_ConfigSupply
 .text.HAL_QSPI_Init
                0x0800a120       0xe8 ./Drivers/STM32H7xx_HAL_Driver/Src/stm32h7xx_hal_qspi.o
                0x0800a120                HAL_QSPI_Init
 .text.HAL_QSPI_Command
                0x0800a208       0xbc ./Drivers/STM32H7xx_HAL_Driver/Src/stm32h7xx_hal_qspi.o
                0x0800a208                HAL_QSPI_Command
 .text.HAL_QSPI_Transmit
                0x0800a2c4      0x124 ./Drivers/STM32H7xx_HAL_Driver/Src/stm32h7xx_hal_qspi.o
                0x0800a2c4                HAL_QSPI_Transmit
 .text.HAL_QSPI_Receive
                0x0800a3e8      0x13a ./Drivers/STM32H7xx_HAL_Driver/Src/stm32h7xx_hal_qspi.o
                0x0800a3e8                HAL_QSPI_Receive
 .text.HAL_QSPI_AutoPolling
                0x0800a522       0xee ./Drivers/STM32H7xx_HAL_Driver/Src/stm32h7xx_hal_qspi.o
                0x0800a522                HAL_QSPI_AutoPolling
 .text.HAL_QSPI_GetState
                0x0800a610       0x1c ./Drivers/STM32H7xx_HAL_Driver/Src/stm32h7xx_hal_qspi.o
                0x0800a610                HAL_QSPI_GetState
 .text.HAL_QSPI_GetError
                0x0800a62c       0x18 ./Drivers/STM32H7xx_HAL_Driver/Src/stm32h7xx_hal_qspi.o
                0x0800a62c                HAL_QSPI_GetError
 .text.HAL_QSPI_SetTimeout
                0x0800a644       0x1c ./Drivers/STM32H7xx_HAL_Driver/Src/stm32h7xx_hal_qspi.o
                0x0800a644                HAL_QSPI_SetTimeout
 .text.QSPI_WaitFlagStateUntilTimeout
                0x0800a660       0x6e ./Drivers/STM32H7xx_HAL_Driver/Src/stm32h7xx_hal_qspi.o
 .text.QSPI_Config
                0x0800a6ce      0x32e ./Drivers/STM32H7xx_HAL_Driver/Src/stm32h7xx_hal_qspi.o
 .text.HAL_RCC_OscConfig
                0x0800a9fc      0x8b4 ./Drivers/STM32H7xx_HAL_Driver/Src/stm32h7xx_hal_rcc.o
                0x0800a9fc                HAL_RCC_OscConfig
 .text.HAL_RCC_ClockConfig
                0x0800b2b0      0x36c ./Drivers/STM32H7xx_HAL_Driver/Src/stm32h7xx_hal_rcc.o
                0x0800b2b0                HAL_RCC_ClockConfig
 .text.HAL_RCC_GetSysClockFreq
                0x0800b61c      0x2f4 ./Drivers/STM32H7xx_HAL_Driver/Src/stm32h7xx_hal_rcc.o
                0x0800b61c                HAL_RCC_GetSysClockFreq
 .text.HAL_RCC_GetHCLKFreq
                0x0800b910       0x60 ./Drivers/STM32H7xx_HAL_Driver/Src/stm32h7xx_hal_rcc.o
                0x0800b910                HAL_RCC_GetHCLKFreq
 .text.HAL_RCC_GetPCLK1Freq
                0x0800b970       0x2c ./Drivers/STM32H7xx_HAL_Driver/Src/stm32h7xx_hal_rcc.o
                0x0800b970                HAL_RCC_GetPCLK1Freq
 .text.HAL_RCC_GetPCLK2Freq
                0x0800b99c       0x2c ./Drivers/STM32H7xx_HAL_Driver/Src/stm32h7xx_hal_rcc.o
                0x0800b99c                HAL_RCC_GetPCLK2Freq
 .text.HAL_RCCEx_PeriphCLKConfig
                0x0800b9c8     0x1414 ./Drivers/STM32H7xx_HAL_Driver/Src/stm32h7xx_hal_rcc_ex.o
                0x0800b9c8                HAL_RCCEx_PeriphCLKConfig
 .text.HAL_RCCEx_GetD3PCLK1Freq
                0x0800cddc       0x2c ./Drivers/STM32H7xx_HAL_Driver/Src/stm32h7xx_hal_rcc_ex.o
                0x0800cddc                HAL_RCCEx_GetD3PCLK1Freq
 .text.HAL_RCCEx_GetPLL2ClockFreq
                0x0800ce08      0x2a8 ./Drivers/STM32H7xx_HAL_Driver/Src/stm32h7xx_hal_rcc_ex.o
                0x0800ce08                HAL_RCCEx_GetPLL2ClockFreq
 .text.HAL_RCCEx_GetPLL3ClockFreq
                0x0800d0b0      0x2a8 ./Drivers/STM32H7xx_HAL_Driver/Src/stm32h7xx_hal_rcc_ex.o
                0x0800d0b0                HAL_RCCEx_GetPLL3ClockFreq
 .text.RCCEx_PLL2_Config
                0x0800d358      0x164 ./Drivers/STM32H7xx_HAL_Driver/Src/stm32h7xx_hal_rcc_ex.o
 .text.RCCEx_PLL3_Config
                0x0800d4bc      0x164 ./Drivers/STM32H7xx_HAL_Driver/Src/stm32h7xx_hal_rcc_ex.o
 .text.HAL_RTC_Init
                0x0800d620      0x104 ./Drivers/STM32H7xx_HAL_Driver/Src/stm32h7xx_hal_rtc.o
                0x0800d620                HAL_RTC_Init
 .text.HAL_RTC_SetTime
                0x0800d724      0x13c ./Drivers/STM32H7xx_HAL_Driver/Src/stm32h7xx_hal_rtc.o
                0x0800d724                HAL_RTC_SetTime
 .text.HAL_RTC_GetTime
                0x0800d860       0xb8 ./Drivers/STM32H7xx_HAL_Driver/Src/stm32h7xx_hal_rtc.o
                0x0800d860                HAL_RTC_GetTime
 .text.HAL_RTC_SetDate
                0x0800d918      0x110 ./Drivers/STM32H7xx_HAL_Driver/Src/stm32h7xx_hal_rtc.o
                0x0800d918                HAL_RTC_SetDate
 .text.HAL_RTC_GetDate
                0x0800da28       0x9c ./Drivers/STM32H7xx_HAL_Driver/Src/stm32h7xx_hal_rtc.o
                0x0800da28                HAL_RTC_GetDate
 .text.HAL_RTC_WaitForSynchro
                0x0800dac4       0x48 ./Drivers/STM32H7xx_HAL_Driver/Src/stm32h7xx_hal_rtc.o
                0x0800dac4                HAL_RTC_WaitForSynchro
 .text.RTC_EnterInitMode
                0x0800db0c       0x66 ./Drivers/STM32H7xx_HAL_Driver/Src/stm32h7xx_hal_rtc.o
                0x0800db0c                RTC_EnterInitMode
 *fill*         0x0800db72        0x2 
 .text.RTC_ExitInitMode
                0x0800db74       0x7c ./Drivers/STM32H7xx_HAL_Driver/Src/stm32h7xx_hal_rtc.o
                0x0800db74                RTC_ExitInitMode
 .text.RTC_ByteToBcd2
                0x0800dbf0       0x40 ./Drivers/STM32H7xx_HAL_Driver/Src/stm32h7xx_hal_rtc.o
                0x0800dbf0                RTC_ByteToBcd2
 .text.RTC_Bcd2ToByte
                0x0800dc30       0x34 ./Drivers/STM32H7xx_HAL_Driver/Src/stm32h7xx_hal_rtc.o
                0x0800dc30                RTC_Bcd2ToByte
 .text.HAL_RTCEx_BKUPWrite
                0x0800dc64       0x30 ./Drivers/STM32H7xx_HAL_Driver/Src/stm32h7xx_hal_rtc_ex.o
                0x0800dc64                HAL_RTCEx_BKUPWrite
 .text.HAL_RTCEx_BKUPRead
                0x0800dc94       0x2c ./Drivers/STM32H7xx_HAL_Driver/Src/stm32h7xx_hal_rtc_ex.o
                0x0800dc94                HAL_RTCEx_BKUPRead
 .text.HAL_UART_Init
                0x0800dcc0       0xa0 ./Drivers/STM32H7xx_HAL_Driver/Src/stm32h7xx_hal_uart.o
                0x0800dcc0                HAL_UART_Init
 .text.HAL_UART_Transmit
                0x0800dd60      0x11c ./Drivers/STM32H7xx_HAL_Driver/Src/stm32h7xx_hal_uart.o
                0x0800dd60                HAL_UART_Transmit
 .text.HAL_UART_Receive_IT
                0x0800de7c       0x98 ./Drivers/STM32H7xx_HAL_Driver/Src/stm32h7xx_hal_uart.o
                0x0800de7c                HAL_UART_Receive_IT
 .text.HAL_UART_IRQHandler
                0x0800df14      0x7ac ./Drivers/STM32H7xx_HAL_Driver/Src/stm32h7xx_hal_uart.o
                0x0800df14                HAL_UART_IRQHandler
 .text.HAL_UART_TxCpltCallback
                0x0800e6c0       0x14 ./Drivers/STM32H7xx_HAL_Driver/Src/stm32h7xx_hal_uart.o
                0x0800e6c0                HAL_UART_TxCpltCallback
 .text.HAL_UART_ErrorCallback
                0x0800e6d4       0x14 ./Drivers/STM32H7xx_HAL_Driver/Src/stm32h7xx_hal_uart.o
                0x0800e6d4                HAL_UART_ErrorCallback
 .text.HAL_UARTEx_RxEventCallback
                0x0800e6e8       0x18 ./Drivers/STM32H7xx_HAL_Driver/Src/stm32h7xx_hal_uart.o
                0x0800e6e8                HAL_UARTEx_RxEventCallback
 .text.UART_SetConfig
                0x0800e700      0xad0 ./Drivers/STM32H7xx_HAL_Driver/Src/stm32h7xx_hal_uart.o
                0x0800e700                UART_SetConfig
 .text.UART_AdvFeatureConfig
                0x0800f1d0      0x144 ./Drivers/STM32H7xx_HAL_Driver/Src/stm32h7xx_hal_uart.o
                0x0800f1d0                UART_AdvFeatureConfig
 .text.UART_CheckIdleState
                0x0800f314      0x154 ./Drivers/STM32H7xx_HAL_Driver/Src/stm32h7xx_hal_uart.o
                0x0800f314                UART_CheckIdleState
 .text.UART_WaitOnFlagUntilTimeout
                0x0800f468       0xda ./Drivers/STM32H7xx_HAL_Driver/Src/stm32h7xx_hal_uart.o
                0x0800f468                UART_WaitOnFlagUntilTimeout
 *fill*         0x0800f542        0x2 
 .text.UART_Start_Receive_IT
                0x0800f544      0x244 ./Drivers/STM32H7xx_HAL_Driver/Src/stm32h7xx_hal_uart.o
                0x0800f544                UART_Start_Receive_IT
 .text.UART_EndRxTransfer
                0x0800f788       0xcc ./Drivers/STM32H7xx_HAL_Driver/Src/stm32h7xx_hal_uart.o
 .text.UART_DMAAbortOnError
                0x0800f854       0x24 ./Drivers/STM32H7xx_HAL_Driver/Src/stm32h7xx_hal_uart.o
 .text.UART_EndTransmit_IT
                0x0800f878       0x56 ./Drivers/STM32H7xx_HAL_Driver/Src/stm32h7xx_hal_uart.o
 *fill*         0x0800f8ce        0x2 
 .text.UART_RxISR_8BIT
                0x0800f8d0      0x1b8 ./Drivers/STM32H7xx_HAL_Driver/Src/stm32h7xx_hal_uart.o
 .text.UART_RxISR_16BIT
                0x0800fa88      0x1b8 ./Drivers/STM32H7xx_HAL_Driver/Src/stm32h7xx_hal_uart.o
 .text.UART_RxISR_8BIT_FIFOEN
                0x0800fc40      0x364 ./Drivers/STM32H7xx_HAL_Driver/Src/stm32h7xx_hal_uart.o
 .text.UART_RxISR_16BIT_FIFOEN
                0x0800ffa4      0x36c ./Drivers/STM32H7xx_HAL_Driver/Src/stm32h7xx_hal_uart.o
 .text.HAL_UARTEx_WakeupCallback
                0x08010310       0x14 ./Drivers/STM32H7xx_HAL_Driver/Src/stm32h7xx_hal_uart_ex.o
                0x08010310                HAL_UARTEx_WakeupCallback
 .text.HAL_UARTEx_RxFifoFullCallback
                0x08010324       0x14 ./Drivers/STM32H7xx_HAL_Driver/Src/stm32h7xx_hal_uart_ex.o
                0x08010324                HAL_UARTEx_RxFifoFullCallback
 .text.HAL_UARTEx_TxFifoEmptyCallback
                0x08010338       0x14 ./Drivers/STM32H7xx_HAL_Driver/Src/stm32h7xx_hal_uart_ex.o
                0x08010338                HAL_UARTEx_TxFifoEmptyCallback
 .text.HAL_UARTEx_DisableFifoMode
                0x0801034c       0x72 ./Drivers/STM32H7xx_HAL_Driver/Src/stm32h7xx_hal_uart_ex.o
                0x0801034c                HAL_UARTEx_DisableFifoMode
 .text.HAL_UARTEx_SetTxFifoThreshold
                0x080103be       0x7c ./Drivers/STM32H7xx_HAL_Driver/Src/stm32h7xx_hal_uart_ex.o
                0x080103be                HAL_UARTEx_SetTxFifoThreshold
 .text.HAL_UARTEx_SetRxFifoThreshold
                0x0801043a       0x7c ./Drivers/STM32H7xx_HAL_Driver/Src/stm32h7xx_hal_uart_ex.o
                0x0801043a                HAL_UARTEx_SetRxFifoThreshold
 *fill*         0x080104b6        0x2 
 .text.UARTEx_SetNbDataToProcess
                0x080104b8       0x9c ./Drivers/STM32H7xx_HAL_Driver/Src/stm32h7xx_hal_uart_ex.o
 .text._strtoul_l.isra.0
                0x08010554       0xdc C:/ST/STM32CubeIDE_2.0.0/STM32CubeIDE/plugins/com.st.stm32cube.ide.mcu.externaltools.gnu-tools-for-stm32.13.3.rel1.win32_1.0.100.202509120712/tools/bin/../lib/gcc/arm-none-eabi/13.3.1/../../../../arm-none-eabi/lib/thumb/v7e-m+dp/hard\libc_nano.a(libc_a-strtoul.o)
 .text.strtoul  0x08010630       0x14 C:/ST/STM32CubeIDE_2.0.0/STM32CubeIDE/plugins/com.st.stm32cube.ide.mcu.externaltools.gnu-tools-for-stm32.13.3.rel1.win32_1.0.100.202509120712/tools/bin/../lib/gcc/arm-none-eabi/13.3.1/../../../../arm-none-eabi/lib/thumb/v7e-m+dp/hard\libc_nano.a(libc_a-strtoul.o)
                0x08010630                strtoul
 .text.__cvt    0x08010644       0xa8 C:/ST/STM32CubeIDE_2.0.0/STM32CubeIDE/plugins/com.st.stm32cube.ide.mcu.externaltools.gnu-tools-for-stm32.13.3.rel1.win32_1.0.100.202509120712/tools/bin/../lib/gcc/arm-none-eabi/13.3.1/../../../../arm-none-eabi/lib/thumb/v7e-m+dp/hard\libc_nano.a(libc_a-nano-vfprintf_float.o)
                0x08010644                __cvt
 .text.__exponent
                0x080106ec       0x74 C:/ST/STM32CubeIDE_2.0.0/STM32CubeIDE/plugins/com.st.stm32cube.ide.mcu.externaltools.gnu-tools-for-stm32.13.3.rel1.win32_1.0.100.202509120712/tools/bin/../lib/gcc/arm-none-eabi/13.3.1/../../../../arm-none-eabi/lib/thumb/v7e-m+dp/hard\libc_nano.a(libc_a-nano-vfprintf_float.o)
                0x080106ec                __exponent
 .text._printf_float
                0x08010760      0x434 C:/ST/STM32CubeIDE_2.0.0/STM32CubeIDE/plugins/com.st.stm32cube.ide.mcu.externaltools.gnu-tools-for-stm32.13.3.rel1.win32_1.0.100.202509120712/tools/bin/../lib/gcc/arm-none-eabi/13.3.1/../../../../arm-none-eabi/lib/thumb/v7e-m+dp/hard\libc_nano.a(libc_a-nano-vfprintf_float.o)
                0x08010760                _printf_float
 .text._printf_common
                0x08010b94       0xda C:/ST/STM32CubeIDE_2.0.0/STM32CubeIDE/plugins/com.st.stm32cube.ide.mcu.externaltools.gnu-tools-for-stm32.13.3.rel1.win32_1.0.100.202509120712/tools/bin/../lib/gcc/arm-none-eabi/13.3.1/../../../../arm-none-eabi/lib/thumb/v7e-m+dp/hard\libc_nano.a(libc_a-nano-vfprintf_i.o)
                0x08010b94                _printf_common
 *fill*         0x08010c6e        0x2 
 .text._printf_i
                0x08010c70      0x23c C:/ST/STM32CubeIDE_2.0.0/STM32CubeIDE/plugins/com.st.stm32cube.ide.mcu.externaltools.gnu-tools-for-stm32.13.3.rel1.win32_1.0.100.202509120712/tools/bin/../lib/gcc/arm-none-eabi/13.3.1/../../../../arm-none-eabi/lib/thumb/v7e-m+dp/hard\libc_nano.a(libc_a-nano-vfprintf_i.o)
                0x08010c70                _printf_i
 .text.std      0x08010eac       0x6c C:/ST/STM32CubeIDE_2.0.0/STM32CubeIDE/plugins/com.st.stm32cube.ide.mcu.externaltools.gnu-tools-for-stm32.13.3.rel1.win32_1.0.100.202509120712/tools/bin/../lib/gcc/arm-none-eabi/13.3.1/../../../../arm-none-eabi/lib/thumb/v7e-m+dp/hard\libc_nano.a(libc_a-findfp.o)
 .text.stdio_exit_handler
                0x08010f18       0x18 C:/ST/STM32CubeIDE_2.0.0/STM32CubeIDE/plugins/com.st.stm32cube.ide.mcu.externaltools.gnu-tools-for-stm32.13.3.rel1.win32_1.0.100.202509120712/tools/bin/../lib/gcc/arm-none-eabi/13.3.1/../../../../arm-none-eabi/lib/thumb/v7e-m+dp/hard\libc_nano.a(libc_a-findfp.o)
 .text.cleanup_stdio
                0x08010f30       0x40 C:/ST/STM32CubeIDE_2.0.0/STM32CubeIDE/plugins/com.st.stm32cube.ide.mcu.externaltools.gnu-tools-for-stm32.13.3.rel1.win32_1.0.100.202509120712/tools/bin/../lib/gcc/arm-none-eabi/13.3.1/../../../../arm-none-eabi/lib/thumb/v7e-m+dp/hard\libc_nano.a(libc_a-findfp.o)
 .text.global_stdio_init.part.0
                0x08010f70       0x3c C:/ST/STM32CubeIDE_2.0.0/STM32CubeIDE/plugins/com.st.stm32cube.ide.mcu.externaltools.gnu-tools-for-stm32.13.3.rel1.win32_1.0.100.202509120712/tools/bin/../lib/gcc/arm-none-eabi/13.3.1/../../../../arm-none-eabi/lib/thumb/v7e-m+dp/hard\libc_nano.a(libc_a-findfp.o)
 .text.__sfp_lock_acquire
                0x08010fac        0xc C:/ST/STM32CubeIDE_2.0.0/STM32CubeIDE/plugins/com.st.stm32cube.ide.mcu.externaltools.gnu-tools-for-stm32.13.3.rel1.win32_1.0.100.202509120712/tools/bin/../lib/gcc/arm-none-eabi/13.3.1/../../../../arm-none-eabi/lib/thumb/v7e-m+dp/hard\libc_nano.a(libc_a-findfp.o)
                0x08010fac                __sfp_lock_acquire
 .text.__sfp_lock_release
                0x08010fb8        0xc C:/ST/STM32CubeIDE_2.0.0/STM32CubeIDE/plugins/com.st.stm32cube.ide.mcu.externaltools.gnu-tools-for-stm32.13.3.rel1.win32_1.0.100.202509120712/tools/bin/../lib/gcc/arm-none-eabi/13.3.1/../../../../arm-none-eabi/lib/thumb/v7e-m+dp/hard\libc_nano.a(libc_a-findfp.o)
                0x08010fb8                __sfp_lock_release
 .text.__sinit  0x08010fc4       0x30 C:/ST/STM32CubeIDE_2.0.0/STM32CubeIDE/plugins/com.st.stm32cube.ide.mcu.externaltools.gnu-tools-for-stm32.13.3.rel1.win32_1.0.100.202509120712/tools/bin/../lib/gcc/arm-none-eabi/13.3.1/../../../../arm-none-eabi/lib/thumb/v7e-m+dp/hard\libc_nano.a(libc_a-findfp.o)
                0x08010fc4                __sinit
 .text._fwalk_sglue
                0x08010ff4       0x3c C:/ST/STM32CubeIDE_2.0.0/STM32CubeIDE/plugins/com.st.stm32cube.ide.mcu.externaltools.gnu-tools-for-stm32.13.3.rel1.win32_1.0.100.202509120712/tools/bin/../lib/gcc/arm-none-eabi/13.3.1/../../../../arm-none-eabi/lib/thumb/v7e-m+dp/hard\libc_nano.a(libc_a-fwalk.o)
                0x08010ff4                _fwalk_sglue
 .text.printf   0x08011030       0x24 C:/ST/STM32CubeIDE_2.0.0/STM32CubeIDE/plugins/com.st.stm32cube.ide.mcu.externaltools.gnu-tools-for-stm32.13.3.rel1.win32_1.0.100.202509120712/tools/bin/../lib/gcc/arm-none-eabi/13.3.1/../../../../arm-none-eabi/lib/thumb/v7e-m+dp/hard\libc_nano.a(libc_a-printf.o)
                0x08011030                iprintf
                0x08011030                printf
 .text._puts_r  0x08011054       0xaa C:/ST/STM32CubeIDE_2.0.0/STM32CubeIDE/plugins/com.st.stm32cube.ide.mcu.externaltools.gnu-tools-for-stm32.13.3.rel1.win32_1.0.100.202509120712/tools/bin/../lib/gcc/arm-none-eabi/13.3.1/../../../../arm-none-eabi/lib/thumb/v7e-m+dp/hard\libc_nano.a(libc_a-puts.o)
                0x08011054                _puts_r
 *fill*         0x080110fe        0x2 
 .text.puts     0x08011100       0x10 C:/ST/STM32CubeIDE_2.0.0/STM32CubeIDE/plugins/com.st.stm32cube.ide.mcu.externaltools.gnu-tools-for-stm32.13.3.rel1.win32_1.0.100.202509120712/tools/bin/../lib/gcc/arm-none-eabi/13.3.1/../../../../arm-none-eabi/lib/thumb/v7e-m+dp/hard\libc_nano.a(libc_a-puts.o)
                0x08011100                puts
 .text.setvbuf  0x08011110      0x168 C:/ST/STM32CubeIDE_2.0.0/STM32CubeIDE/plugins/com.st.stm32cube.ide.mcu.externaltools.gnu-tools-for-stm32.13.3.rel1.win32_1.0.100.202509120712/tools/bin/../lib/gcc/arm-none-eabi/13.3.1/../../../../arm-none-eabi/lib/thumb/v7e-m+dp/hard\libc_nano.a(libc_a-setvbuf.o)
                0x08011110                setvbuf
 .text.__sread  0x08011278       0x22 C:/ST/STM32CubeIDE_2.0.0/STM32CubeIDE/plugins/com.st.stm32cube.ide.mcu.externaltools.gnu-tools-for-stm32.13.3.rel1.win32_1.0.100.202509120712/tools/bin/../lib/gcc/arm-none-eabi/13.3.1/../../../../arm-none-eabi/lib/thumb/v7e-m+dp/hard\libc_nano.a(libc_a-stdio.o)
                0x08011278                __sread
 .text.__swrite
                0x0801129a       0x38 C:/ST/STM32CubeIDE_2.0.0/STM32CubeIDE/plugins/com.st.stm32cube.ide.mcu.externaltools.gnu-tools-for-stm32.13.3.rel1.win32_1.0.100.202509120712/tools/bin/../lib/gcc/arm-none-eabi/13.3.1/../../../../arm-none-eabi/lib/thumb/v7e-m+dp/hard\libc_nano.a(libc_a-stdio.o)
                0x0801129a                __swrite
 .text.__sseek  0x080112d2       0x24 C:/ST/STM32CubeIDE_2.0.0/STM32CubeIDE/plugins/com.st.stm32cube.ide.mcu.externaltools.gnu-tools-for-stm32.13.3.rel1.win32_1.0.100.202509120712/tools/bin/../lib/gcc/arm-none-eabi/13.3.1/../../../../arm-none-eabi/lib/thumb/v7e-m+dp/hard\libc_nano.a(libc_a-stdio.o)
                0x080112d2                __sseek
 .text.__sclose
                0x080112f6        0x8 C:/ST/STM32CubeIDE_2.0.0/STM32CubeIDE/plugins/com.st.stm32cube.ide.mcu.externaltools.gnu-tools-for-stm32.13.3.rel1.win32_1.0.100.202509120712/tools/bin/../lib/gcc/arm-none-eabi/13.3.1/../../../../arm-none-eabi/lib/thumb/v7e-m+dp/hard\libc_nano.a(libc_a-stdio.o)
                0x080112f6                __sclose
 .text.__swbuf_r
                0x080112fe       0x7c C:/ST/STM32CubeIDE_2.0.0/STM32CubeIDE/plugins/com.st.stm32cube.ide.mcu.externaltools.gnu-tools-for-stm32.13.3.rel1.win32_1.0.100.202509120712/tools/bin/../lib/gcc/arm-none-eabi/13.3.1/../../../../arm-none-eabi/lib/thumb/v7e-m+dp/hard\libc_nano.a(libc_a-wbuf.o)
                0x080112fe                __swbuf_r
 *fill*         0x0801137a        0x2 
 .text.__swsetup_r
                0x0801137c       0xac C:/ST/STM32CubeIDE_2.0.0/STM32CubeIDE/plugins/com.st.stm32cube.ide.mcu.externaltools.gnu-tools-for-stm32.13.3.rel1.win32_1.0.100.202509120712/tools/bin/../lib/gcc/arm-none-eabi/13.3.1/../../../../arm-none-eabi/lib/thumb/v7e-m+dp/hard\libc_nano.a(libc_a-wsetup.o)
                0x0801137c                __swsetup_r
 .text.memset   0x08011428       0x10 C:/ST/STM32CubeIDE_2.0.0/STM32CubeIDE/plugins/com.st.stm32cube.ide.mcu.externaltools.gnu-tools-for-stm32.13.3.rel1.win32_1.0.100.202509120712/tools/bin/../lib/gcc/arm-none-eabi/13.3.1/../../../../arm-none-eabi/lib/thumb/v7e-m+dp/hard\libc_nano.a(libc_a-memset.o)
                0x08011428                memset
 .text.strncmp  0x08011438       0x24 C:/ST/STM32CubeIDE_2.0.0/STM32CubeIDE/plugins/com.st.stm32cube.ide.mcu.externaltools.gnu-tools-for-stm32.13.3.rel1.win32_1.0.100.202509120712/tools/bin/../lib/gcc/arm-none-eabi/13.3.1/../../../../arm-none-eabi/lib/thumb/v7e-m+dp/hard\libc_nano.a(libc_a-strncmp.o)
                0x08011438                strncmp
 .text._localeconv_r
                0x0801145c        0x8 C:/ST/STM32CubeIDE_2.0.0/STM32CubeIDE/plugins/com.st.stm32cube.ide.mcu.externaltools.gnu-tools-for-stm32.13.3.rel1.win32_1.0.100.202509120712/tools/bin/../lib/gcc/arm-none-eabi/13.3.1/../../../../arm-none-eabi/lib/thumb/v7e-m+dp/hard\libc_nano.a(libc_a-localeconv.o)
                0x0801145c                _localeconv_r
 .text._close_r
                0x08011464       0x20 C:/ST/STM32CubeIDE_2.0.0/STM32CubeIDE/plugins/com.st.stm32cube.ide.mcu.externaltools.gnu-tools-for-stm32.13.3.rel1.win32_1.0.100.202509120712/tools/bin/../lib/gcc/arm-none-eabi/13.3.1/../../../../arm-none-eabi/lib/thumb/v7e-m+dp/hard\libc_nano.a(libc_a-closer.o)
                0x08011464                _close_r
 .text._lseek_r
                0x08011484       0x24 C:/ST/STM32CubeIDE_2.0.0/STM32CubeIDE/plugins/com.st.stm32cube.ide.mcu.externaltools.gnu-tools-for-stm32.13.3.rel1.win32_1.0.100.202509120712/tools/bin/../lib/gcc/arm-none-eabi/13.3.1/../../../../arm-none-eabi/lib/thumb/v7e-m+dp/hard\libc_nano.a(libc_a-lseekr.o)
                0x08011484                _lseek_r
 .text._read_r  0x080114a8       0x24 C:/ST/STM32CubeIDE_2.0.0/STM32CubeIDE/plugins/com.st.stm32cube.ide.mcu.externaltools.gnu-tools-for-stm32.13.3.rel1.win32_1.0.100.202509120712/tools/bin/../lib/gcc/arm-none-eabi/13.3.1/../../../../arm-none-eabi/lib/thumb/v7e-m+dp/hard\libc_nano.a(libc_a-readr.o)
                0x080114a8                _read_r
 .text._write_r
                0x080114cc       0x24 C:/ST/STM32CubeIDE_2.0.0/STM32CubeIDE/plugins/com.st.stm32cube.ide.mcu.externaltools.gnu-tools-for-stm32.13.3.rel1.win32_1.0.100.202509120712/tools/bin/../lib/gcc/arm-none-eabi/13.3.1/../../../../arm-none-eabi/lib/thumb/v7e-m+dp/hard\libc_nano.a(libc_a-writer.o)
                0x080114cc                _write_r
 .text.__errno  0x080114f0        0xc C:/ST/STM32CubeIDE_2.0.0/STM32CubeIDE/plugins/com.st.stm32cube.ide.mcu.externaltools.gnu-tools-for-stm32.13.3.rel1.win32_1.0.100.202509120712/tools/bin/../lib/gcc/arm-none-eabi/13.3.1/../../../../arm-none-eabi/lib/thumb/v7e-m+dp/hard\libc_nano.a(libc_a-errno.o)
                0x080114f0                __errno
 .text.__libc_init_array
                0x080114fc       0x48 C:/ST/STM32CubeIDE_2.0.0/STM32CubeIDE/plugins/com.st.stm32cube.ide.mcu.externaltools.gnu-tools-for-stm32.13.3.rel1.win32_1.0.100.202509120712/tools/bin/../lib/gcc/arm-none-eabi/13.3.1/../../../../arm-none-eabi/lib/thumb/v7e-m+dp/hard\libc_nano.a(libc_a-init.o)
                0x080114fc                __libc_init_array
 .text.__retarget_lock_init_recursive
                0x08011544        0x2 C:/ST/STM32CubeIDE_2.0.0/STM32CubeIDE/plugins/com.st.stm32cube.ide.mcu.externaltools.gnu-tools-for-stm32.13.3.rel1.win32_1.0.100.202509120712/tools/bin/../lib/gcc/arm-none-eabi/13.3.1/../../../../arm-none-eabi/lib/thumb/v7e-m+dp/hard\libc_nano.a(libc_a-lock.o)
                0x08011544                __retarget_lock_init_recursive
 .text.__retarget_lock_acquire_recursive
                0x08011546        0x2 C:/ST/STM32CubeIDE_2.0.0/STM32CubeIDE/plugins/com.st.stm32cube.ide.mcu.externaltools.gnu-tools-for-stm32.13.3.rel1.win32_1.0.100.202509120712/tools/bin/../lib/gcc/arm-none-eabi/13.3.1/../../../../arm-none-eabi/lib/thumb/v7e-m+dp/hard\libc_nano.a(libc_a-lock.o)
                0x08011546                __retarget_lock_acquire_recursive
 .text.__retarget_lock_release_recursive
                0x08011548        0x2 C:/ST/STM32CubeIDE_2.0.0/STM32CubeIDE/plugins/com.st.stm32cube.ide.mcu.externaltools.gnu-tools-for-stm32.13.3.rel1.win32_1.0.100.202509120712/tools/bin/../lib/gcc/arm-none-eabi/13.3.1/../../../../arm-none-eabi/lib/thumb/v7e-m+dp/hard\libc_nano.a(libc_a-lock.o)
                0x08011548                __retarget_lock_release_recursive
 .text.memcpy   0x0801154a       0x1c C:/ST/STM32CubeIDE_2.0.0/STM32CubeIDE/plugins/com.st.stm32cube.ide.mcu.externaltools.gnu-tools-for-stm32.13.3.rel1.win32_1.0.100.202509120712/tools/bin/../lib/gcc/arm-none-eabi/13.3.1/../../../../arm-none-eabi/lib/thumb/v7e-m+dp/hard\libc_nano.a(libc_a-memcpy-stub.o)
                0x0801154a                memcpy
 .text.quorem   0x08011566      0x110 C:/ST/STM32CubeIDE_2.0.0/STM32CubeIDE/plugins/com.st.stm32cube.ide.mcu.externaltools.gnu-tools-for-stm32.13.3.rel1.win32_1.0.100.202509120712/tools/bin/../lib/gcc/arm-none-eabi/13.3.1/../../../../arm-none-eabi/lib/thumb/v7e-m+dp/hard\libc_nano.a(libc_a-dtoa.o)
 *fill*         0x08011676        0x2 
 .text._dtoa_r  0x08011678      0xabc C:/ST/STM32CubeIDE_2.0.0/STM32CubeIDE/plugins/com.st.stm32cube.ide.mcu.externaltools.gnu-tools-for-stm32.13.3.rel1.win32_1.0.100.202509120712/tools/bin/../lib/gcc/arm-none-eabi/13.3.1/../../../../arm-none-eabi/lib/thumb/v7e-m+dp/hard\libc_nano.a(libc_a-dtoa.o)
                0x08011678                _dtoa_r
 .text._free_r  0x08012134       0x94 C:/ST/STM32CubeIDE_2.0.0/STM32CubeIDE/plugins/com.st.stm32cube.ide.mcu.externaltools.gnu-tools-for-stm32.13.3.rel1.win32_1.0.100.202509120712/tools/bin/../lib/gcc/arm-none-eabi/13.3.1/../../../../arm-none-eabi/lib/thumb/v7e-m+dp/hard\libc_nano.a(libc_a-freer.o)
                0x08012134                _free_r
 .text.malloc   0x080121c8       0x10 C:/ST/STM32CubeIDE_2.0.0/STM32CubeIDE/plugins/com.st.stm32cube.ide.mcu.externaltools.gnu-tools-for-stm32.13.3.rel1.win32_1.0.100.202509120712/tools/bin/../lib/gcc/arm-none-eabi/13.3.1/../../../../arm-none-eabi/lib/thumb/v7e-m+dp/hard\libc_nano.a(libc_a-malloc.o)
                0x080121c8                malloc
 .text.sbrk_aligned
                0x080121d8       0x44 C:/ST/STM32CubeIDE_2.0.0/STM32CubeIDE/plugins/com.st.stm32cube.ide.mcu.externaltools.gnu-tools-for-stm32.13.3.rel1.win32_1.0.100.202509120712/tools/bin/../lib/gcc/arm-none-eabi/13.3.1/../../../../arm-none-eabi/lib/thumb/v7e-m+dp/hard\libc_nano.a(libc_a-mallocr.o)
 .text._malloc_r
                0x0801221c      0x100 C:/ST/STM32CubeIDE_2.0.0/STM32CubeIDE/plugins/com.st.stm32cube.ide.mcu.externaltools.gnu-tools-for-stm32.13.3.rel1.win32_1.0.100.202509120712/tools/bin/../lib/gcc/arm-none-eabi/13.3.1/../../../../arm-none-eabi/lib/thumb/v7e-m+dp/hard\libc_nano.a(libc_a-mallocr.o)
                0x0801221c                _malloc_r
 .text.__malloc_lock
                0x0801231c        0xc C:/ST/STM32CubeIDE_2.0.0/STM32CubeIDE/plugins/com.st.stm32cube.ide.mcu.externaltools.gnu-tools-for-stm32.13.3.rel1.win32_1.0.100.202509120712/tools/bin/../lib/gcc/arm-none-eabi/13.3.1/../../../../arm-none-eabi/lib/thumb/v7e-m+dp/hard\libc_nano.a(libc_a-mlock.o)
                0x0801231c                __malloc_lock
 .text.__malloc_unlock
                0x08012328        0xc C:/ST/STM32CubeIDE_2.0.0/STM32CubeIDE/plugins/com.st.stm32cube.ide.mcu.externaltools.gnu-tools-for-stm32.13.3.rel1.win32_1.0.100.202509120712/tools/bin/../lib/gcc/arm-none-eabi/13.3.1/../../../../arm-none-eabi/lib/thumb/v7e-m+dp/hard\libc_nano.a(libc_a-mlock.o)
                0x08012328                __malloc_unlock
 .text._Balloc  0x08012334       0x80 C:/ST/STM32CubeIDE_2.0.0/STM32CubeIDE/plugins/com.st.stm32cube.ide.mcu.externaltools.gnu-tools-for-stm32.13.3.rel1.win32_1.0.100.202509120712/tools/bin/../lib/gcc/arm-none-eabi/13.3.1/../../../../arm-none-eabi/lib/thumb/v7e-m+dp/hard\libc_nano.a(libc_a-mprec.o)
                0x08012334                _Balloc
 .text._Bfree   0x080123b4       0x44 C:/ST/STM32CubeIDE_2.0.0/STM32CubeIDE/plugins/com.st.stm32cube.ide.mcu.externaltools.gnu-tools-for-stm32.13.3.rel1.win32_1.0.100.202509120712/tools/bin/../lib/gcc/arm-none-eabi/13.3.1/../../../../arm-none-eabi/lib/thumb/v7e-m+dp/hard\libc_nano.a(libc_a-mprec.o)
                0x080123b4                _Bfree
 .text.__multadd
                0x080123f8       0x8c C:/ST/STM32CubeIDE_2.0.0/STM32CubeIDE/plugins/com.st.stm32cube.ide.mcu.externaltools.gnu-tools-for-stm32.13.3.rel1.win32_1.0.100.202509120712/tools/bin/../lib/gcc/arm-none-eabi/13.3.1/../../../../arm-none-eabi/lib/thumb/v7e-m+dp/hard\libc_nano.a(libc_a-mprec.o)
                0x080123f8                __multadd
 .text.__hi0bits
                0x08012484       0x3e C:/ST/STM32CubeIDE_2.0.0/STM32CubeIDE/plugins/com.st.stm32cube.ide.mcu.externaltools.gnu-tools-for-stm32.13.3.rel1.win32_1.0.100.202509120712/tools/bin/../lib/gcc/arm-none-eabi/13.3.1/../../../../arm-none-eabi/lib/thumb/v7e-m+dp/hard\libc_nano.a(libc_a-mprec.o)
                0x08012484                __hi0bits
 .text.__lo0bits
                0x080124c2       0x5a C:/ST/STM32CubeIDE_2.0.0/STM32CubeIDE/plugins/com.st.stm32cube.ide.mcu.externaltools.gnu-tools-for-stm32.13.3.rel1.win32_1.0.100.202509120712/tools/bin/../lib/gcc/arm-none-eabi/13.3.1/../../../../arm-none-eabi/lib/thumb/v7e-m+dp/hard\libc_nano.a(libc_a-mprec.o)
                0x080124c2                __lo0bits
 .text.__i2b    0x0801251c       0x2c C:/ST/STM32CubeIDE_2.0.0/STM32CubeIDE/plugins/com.st.stm32cube.ide.mcu.externaltools.gnu-tools-for-stm32.13.3.rel1.win32_1.0.100.202509120712/tools/bin/../lib/gcc/arm-none-eabi/13.3.1/../../../../arm-none-eabi/lib/thumb/v7e-m+dp/hard\libc_nano.a(libc_a-mprec.o)
                0x0801251c                __i2b
 .text.__multiply
                0x08012548      0x144 C:/ST/STM32CubeIDE_2.0.0/STM32CubeIDE/plugins/com.st.stm32cube.ide.mcu.externaltools.gnu-tools-for-stm32.13.3.rel1.win32_1.0.100.202509120712/tools/bin/../lib/gcc/arm-none-eabi/13.3.1/../../../../arm-none-eabi/lib/thumb/v7e-m+dp/hard\libc_nano.a(libc_a-mprec.o)
                0x08012548                __multiply
 .text.__pow5mult
                0x0801268c       0xb4 C:/ST/STM32CubeIDE_2.0.0/STM32CubeIDE/plugins/com.st.stm32cube.ide.mcu.externaltools.gnu-tools-for-stm32.13.3.rel1.win32_1.0.100.202509120712/tools/bin/../lib/gcc/arm-none-eabi/13.3.1/../../../../arm-none-eabi/lib/thumb/v7e-m+dp/hard\libc_nano.a(libc_a-mprec.o)
                0x0801268c                __pow5mult
 .text.__lshift
                0x08012740       0xd8 C:/ST/STM32CubeIDE_2.0.0/STM32CubeIDE/plugins/com.st.stm32cube.ide.mcu.externaltools.gnu-tools-for-stm32.13.3.rel1.win32_1.0.100.202509120712/tools/bin/../lib/gcc/arm-none-eabi/13.3.1/../../../../arm-none-eabi/lib/thumb/v7e-m+dp/hard\libc_nano.a(libc_a-mprec.o)
                0x08012740                __lshift
 .text.__mcmp   0x08012818       0x36 C:/ST/STM32CubeIDE_2.0.0/STM32CubeIDE/plugins/com.st.stm32cube.ide.mcu.externaltools.gnu-tools-for-stm32.13.3.rel1.win32_1.0.100.202509120712/tools/bin/../lib/gcc/arm-none-eabi/13.3.1/../../../../arm-none-eabi/lib/thumb/v7e-m+dp/hard\libc_nano.a(libc_a-mprec.o)
                0x08012818                __mcmp
 *fill*         0x0801284e        0x2 
 .text.__mdiff  0x08012850      0x128 C:/ST/STM32CubeIDE_2.0.0/STM32CubeIDE/plugins/com.st.stm32cube.ide.mcu.externaltools.gnu-tools-for-stm32.13.3.rel1.win32_1.0.100.202509120712/tools/bin/../lib/gcc/arm-none-eabi/13.3.1/../../../../arm-none-eabi/lib/thumb/v7e-m+dp/hard\libc_nano.a(libc_a-mprec.o)
                0x08012850                __mdiff
 .text.__d2b    0x08012978       0xb0 C:/ST/STM32CubeIDE_2.0.0/STM32CubeIDE/plugins/com.st.stm32cube.ide.mcu.externaltools.gnu-tools-for-stm32.13.3.rel1.win32_1.0.100.202509120712/tools/bin/../lib/gcc/arm-none-eabi/13.3.1/../../../../arm-none-eabi/lib/thumb/v7e-m+dp/hard\libc_nano.a(libc_a-mprec.o)
                0x08012978                __d2b
 .text.__sfputc_r
                0x08012a28       0x2e C:/ST/STM32CubeIDE_2.0.0/STM32CubeIDE/plugins/com.st.stm32cube.ide.mcu.externaltools.gnu-tools-for-stm32.13.3.rel1.win32_1.0.100.202509120712/tools/bin/../lib/gcc/arm-none-eabi/13.3.1/../../../../arm-none-eabi/lib/thumb/v7e-m+dp/hard\libc_nano.a(libc_a-nano-vfprintf.o)
 .text.__sfputs_r
                0x08012a56       0x24 C:/ST/STM32CubeIDE_2.0.0/STM32CubeIDE/plugins/com.st.stm32cube.ide.mcu.externaltools.gnu-tools-for-stm32.13.3.rel1.win32_1.0.100.202509120712/tools/bin/../lib/gcc/arm-none-eabi/13.3.1/../../../../arm-none-eabi/lib/thumb/v7e-m+dp/hard\libc_nano.a(libc_a-nano-vfprintf.o)
                0x08012a56                __sfputs_r
 *fill*         0x08012a7a        0x2 
 .text._vfprintf_r
                0x08012a7c      0x230 C:/ST/STM32CubeIDE_2.0.0/STM32CubeIDE/plugins/com.st.stm32cube.ide.mcu.externaltools.gnu-tools-for-stm32.13.3.rel1.win32_1.0.100.202509120712/tools/bin/../lib/gcc/arm-none-eabi/13.3.1/../../../../arm-none-eabi/lib/thumb/v7e-m+dp/hard\libc_nano.a(libc_a-nano-vfprintf.o)
                0x08012a7c                _vfprintf_r
                0x08012a7c                _vfiprintf_r
 .text.__sflush_r
                0x08012cac      0x108 C:/ST/STM32CubeIDE_2.0.0/STM32CubeIDE/plugins/com.st.stm32cube.ide.mcu.externaltools.gnu-tools-for-stm32.13.3.rel1.win32_1.0.100.202509120712/tools/bin/../lib/gcc/arm-none-eabi/13.3.1/../../../../arm-none-eabi/lib/thumb/v7e-m+dp/hard\libc_nano.a(libc_a-fflush.o)
                0x08012cac                __sflush_r
 .text._fflush_r
                0x08012db4       0x50 C:/ST/STM32CubeIDE_2.0.0/STM32CubeIDE/plugins/com.st.stm32cube.ide.mcu.externaltools.gnu-tools-for-stm32.13.3.rel1.win32_1.0.100.202509120712/tools/bin/../lib/gcc/arm-none-eabi/13.3.1/../../../../arm-none-eabi/lib/thumb/v7e-m+dp/hard\libc_nano.a(libc_a-fflush.o)
                0x08012db4                _fflush_r
 .text.__swhatbuf_r
                0x08012e04       0x4c C:/ST/STM32CubeIDE_2.0.0/STM32CubeIDE/plugins/com.st.stm32cube.ide.mcu.externaltools.gnu-tools-for-stm32.13.3.rel1.win32_1.0.100.202509120712/tools/bin/../lib/gcc/arm-none-eabi/13.3.1/../../../../arm-none-eabi/lib/thumb/v7e-m+dp/hard\libc_nano.a(libc_a-makebuf.o)
                0x08012e04                __swhatbuf_r
 .text.__smakebuf_r
                0x08012e50       0x78 C:/ST/STM32CubeIDE_2.0.0/STM32CubeIDE/plugins/com.st.stm32cube.ide.mcu.externaltools.gnu-tools-for-stm32.13.3.rel1.win32_1.0.100.202509120712/tools/bin/../lib/gcc/arm-none-eabi/13.3.1/../../../../arm-none-eabi/lib/thumb/v7e-m+dp/hard\libc_nano.a(libc_a-makebuf.o)
                0x08012e50                __smakebuf_r
 .text._fstat_r
                0x08012ec8       0x24 C:/ST/STM32CubeIDE_2.0.0/STM32CubeIDE/plugins/com.st.stm32cube.ide.mcu.externaltools.gnu-tools-for-stm32.13.3.rel1.win32_1.0.100.202509120712/tools/bin/../lib/gcc/arm-none-eabi/13.3.1/../../../../arm-none-eabi/lib/thumb/v7e-m+dp/hard\libc_nano.a(libc_a-fstatr.o)
                0x08012ec8                _fstat_r
 .text._isatty_r
                0x08012eec       0x20 C:/ST/STM32CubeIDE_2.0.0/STM32CubeIDE/plugins/com.st.stm32cube.ide.mcu.externaltools.gnu-tools-for-stm32.13.3.rel1.win32_1.0.100.202509120712/tools/bin/../lib/gcc/arm-none-eabi/13.3.1/../../../../arm-none-eabi/lib/thumb/v7e-m+dp/hard\libc_nano.a(libc_a-isattyr.o)
                0x08012eec                _isatty_r
 .text._sbrk_r  0x08012f0c       0x20 C:/ST/STM32CubeIDE_2.0.0/STM32CubeIDE/plugins/com.st.stm32cube.ide.mcu.externaltools.gnu-tools-for-stm32.13.3.rel1.win32_1.0.100.202509120712/tools/bin/../lib/gcc/arm-none-eabi/13.3.1/../../../../arm-none-eabi/lib/thumb/v7e-m+dp/hard\libc_nano.a(libc_a-sbrkr.o)
                0x08012f0c                _sbrk_r
 .text.__assert_func
                0x08012f2c       0x3c C:/ST/STM32CubeIDE_2.0.0/STM32CubeIDE/plugins/com.st.stm32cube.ide.mcu.externaltools.gnu-tools-for-stm32.13.3.rel1.win32_1.0.100.202509120712/tools/bin/../lib/gcc/arm-none-eabi/13.3.1/../../../../arm-none-eabi/lib/thumb/v7e-m+dp/hard\libc_nano.a(libc_a-assert.o)
                0x08012f2c                __assert_func
 .text._calloc_r
                0x08012f68       0x28 C:/ST/STM32CubeIDE_2.0.0/STM32CubeIDE/plugins/com.st.stm32cube.ide.mcu.externaltools.gnu-tools-for-stm32.13.3.rel1.win32_1.0.100.202509120712/tools/bin/../lib/gcc/arm-none-eabi/13.3.1/../../../../arm-none-eabi/lib/thumb/v7e-m+dp/hard\libc_nano.a(libc_a-callocr.o)
                0x08012f68                _calloc_r
 .text.__ascii_mbtowc
                0x08012f90       0x24 C:/ST/STM32CubeIDE_2.0.0/STM32CubeIDE/plugins/com.st.stm32cube.ide.mcu.externaltools.gnu-tools-for-stm32.13.3.rel1.win32_1.0.100.202509120712/tools/bin/../lib/gcc/arm-none-eabi/13.3.1/../../../../arm-none-eabi/lib/thumb/v7e-m+dp/hard\libc_nano.a(libc_a-mbtowc_r.o)
                0x08012f90                __ascii_mbtowc
 .text.__ascii_wctomb
                0x08012fb4       0x1a C:/ST/STM32CubeIDE_2.0.0/STM32CubeIDE/plugins/com.st.stm32cube.ide.mcu.externaltools.gnu-tools-for-stm32.13.3.rel1.win32_1.0.100.202509120712/tools/bin/../lib/gcc/arm-none-eabi/13.3.1/../../../../arm-none-eabi/lib/thumb/v7e-m+dp/hard\libc_nano.a(libc_a-wctomb_r.o)
                0x08012fb4                __ascii_wctomb
 *fill*         0x08012fce        0x2 
 .text.fprintf  0x08012fd0       0x24 C:/ST/STM32CubeIDE_2.0.0/STM32CubeIDE/plugins/com.st.stm32cube.ide.mcu.externaltools.gnu-tools-for-stm32.13.3.rel1.win32_1.0.100.202509120712/tools/bin/../lib/gcc/arm-none-eabi/13.3.1/../../../../arm-none-eabi/lib/thumb/v7e-m+dp/hard\libc_nano.a(libc_a-fprintf.o)
                0x08012fd0                fiprintf
                0x08012fd0                fprintf
 .text.abort    0x08012ff4        0xe C:/ST/STM32CubeIDE_2.0.0/STM32CubeIDE/plugins/com.st.stm32cube.ide.mcu.externaltools.gnu-tools-for-stm32.13.3.rel1.win32_1.0.100.202509120712/tools/bin/../lib/gcc/arm-none-eabi/13.3.1/../../../../arm-none-eabi/lib/thumb/v7e-m+dp/hard\libc_nano.a(libc_a-abort.o)
                0x08012ff4                abort
 .text._raise_r
                0x08013002       0x50 C:/ST/STM32CubeIDE_2.0.0/STM32CubeIDE/plugins/com.st.stm32cube.ide.mcu.externaltools.gnu-tools-for-stm32.13.3.rel1.win32_1.0.100.202509120712/tools/bin/../lib/gcc/arm-none-eabi/13.3.1/../../../../arm-none-eabi/lib/thumb/v7e-m+dp/hard\libc_nano.a(libc_a-signal.o)
                0x08013002                _raise_r
 *fill*         0x08013052        0x2 
 .text.raise    0x08013054       0x10 C:/ST/STM32CubeIDE_2.0.0/STM32CubeIDE/plugins/com.st.stm32cube.ide.mcu.externaltools.gnu-tools-for-stm32.13.3.rel1.win32_1.0.100.202509120712/tools/bin/../lib/gcc/arm-none-eabi/13.3.1/../../../../arm-none-eabi/lib/thumb/v7e-m+dp/hard\libc_nano.a(libc_a-signal.o)
                0x08013054                raise
 .text._kill_r  0x08013064       0x24 C:/ST/STM32CubeIDE_2.0.0/STM32CubeIDE/plugins/com.st.stm32cube.ide.mcu.externaltools.gnu-tools-for-stm32.13.3.rel1.win32_1.0.100.202509120712/tools/bin/../lib/gcc/arm-none-eabi/13.3.1/../../../../arm-none-eabi/lib/thumb/v7e-m+dp/hard\libc_nano.a(libc_a-signalr.o)
                0x08013064                _kill_r
 .text._getpid_r
                0x08013088        0x4 C:/ST/STM32CubeIDE_2.0.0/STM32CubeIDE/plugins/com.st.stm32cube.ide.mcu.externaltools.gnu-tools-for-stm32.13.3.rel1.win32_1.0.100.202509120712/tools/bin/../lib/gcc/arm-none-eabi/13.3.1/../../../../arm-none-eabi/lib/thumb/v7e-m+dp/hard\libc_nano.a(libc_a-signalr.o)
                0x08013088                _getpid_r
 *fill*         0x0801308c        0x4 
 .text.sqrt     0x08013090       0x40 C:/ST/STM32CubeIDE_2.0.0/STM32CubeIDE/plugins/com.st.stm32cube.ide.mcu.externaltools.gnu-tools-for-stm32.13.3.rel1.win32_1.0.100.202509120712/tools/bin/../lib/gcc/arm-none-eabi/13.3.1/../../../../arm-none-eabi/lib/thumb/v7e-m+dp/hard\libm.a(libm_a-w_sqrt.o)
                0x08013090                sqrt
 .text.sqrtf    0x080130d0       0x3c C:/ST/STM32CubeIDE_2.0.0/STM32CubeIDE/plugins/com.st.stm32cube.ide.mcu.externaltools.gnu-tools-for-stm32.13.3.rel1.win32_1.0.100.202509120712/tools/bin/../lib/gcc/arm-none-eabi/13.3.1/../../../../arm-none-eabi/lib/thumb/v7e-m+dp/hard\libm.a(libm_a-wf_sqrt.o)
                0x080130d0                sqrtf
 .text.checkint
                0x0801310c       0x2e C:/ST/STM32CubeIDE_2.0.0/STM32CubeIDE/plugins/com.st.stm32cube.ide.mcu.externaltools.gnu-tools-for-stm32.13.3.rel1.win32_1.0.100.202509120712/tools/bin/../lib/gcc/arm-none-eabi/13.3.1/../../../../arm-none-eabi/lib/thumb/v7e-m+dp/hard\libm.a(libm_a-sf_pow.o)
 *fill*         0x0801313a        0x6 
 .text.powf     0x08013140      0x2c0 C:/ST/STM32CubeIDE_2.0.0/STM32CubeIDE/plugins/com.st.stm32cube.ide.mcu.externaltools.gnu-tools-for-stm32.13.3.rel1.win32_1.0.100.202509120712/tools/bin/../lib/gcc/arm-none-eabi/13.3.1/../../../../arm-none-eabi/lib/thumb/v7e-m+dp/hard\libm.a(libm_a-sf_pow.o)
                0x08013140                powf
 .text.with_errnof
                0x08013400       0x1c C:/ST/STM32CubeIDE_2.0.0/STM32CubeIDE/plugins/com.st.stm32cube.ide.mcu.externaltools.gnu-tools-for-stm32.13.3.rel1.win32_1.0.100.202509120712/tools/bin/../lib/gcc/arm-none-eabi/13.3.1/../../../../arm-none-eabi/lib/thumb/v7e-m+dp/hard\libm.a(libm_a-math_errf.o)
 .text.xflowf   0x0801341c       0x16 C:/ST/STM32CubeIDE_2.0.0/STM32CubeIDE/plugins/com.st.stm32cube.ide.mcu.externaltools.gnu-tools-for-stm32.13.3.rel1.win32_1.0.100.202509120712/tools/bin/../lib/gcc/arm-none-eabi/13.3.1/../../../../arm-none-eabi/lib/thumb/v7e-m+dp/hard\libm.a(libm_a-math_errf.o)
 *fill*         0x08013432        0x2 
 .text.__math_uflowf
                0x08013434        0xc C:/ST/STM32CubeIDE_2.0.0/STM32CubeIDE/plugins/com.st.stm32cube.ide.mcu.externaltools.gnu-tools-for-stm32.13.3.rel1.win32_1.0.100.202509120712/tools/bin/../lib/gcc/arm-none-eabi/13.3.1/../../../../arm-none-eabi/lib/thumb/v7e-m+dp/hard\libm.a(libm_a-math_errf.o)
                0x08013434                __math_uflowf
 .text.__math_may_uflowf
                0x08013440        0xc C:/ST/STM32CubeIDE_2.0.0/STM32CubeIDE/plugins/com.st.stm32cube.ide.mcu.externaltools.gnu-tools-for-stm32.13.3.rel1.win32_1.0.100.202509120712/tools/bin/../lib/gcc/arm-none-eabi/13.3.1/../../../../arm-none-eabi/lib/thumb/v7e-m+dp/hard\libm.a(libm_a-math_errf.o)
                0x08013440                __math_may_uflowf
 .text.__math_oflowf
                0x0801344c        0xc C:/ST/STM32CubeIDE_2.0.0/STM32CubeIDE/plugins/com.st.stm32cube.ide.mcu.externaltools.gnu-tools-for-stm32.13.3.rel1.win32_1.0.100.202509120712/tools/bin/../lib/gcc/arm-none-eabi/13.3.1/../../../../arm-none-eabi/lib/thumb/v7e-m+dp/hard\libm.a(libm_a-math_errf.o)
                0x0801344c                __math_oflowf
 .text.__math_divzerof
                0x08013458       0x24 C:/ST/STM32CubeIDE_2.0.0/STM32CubeIDE/plugins/com.st.stm32cube.ide.mcu.externaltools.gnu-tools-for-stm32.13.3.rel1.win32_1.0.100.202509120712/tools/bin/../lib/gcc/arm-none-eabi/13.3.1/../../../../arm-none-eabi/lib/thumb/v7e-m+dp/hard\libm.a(libm_a-math_errf.o)
                0x08013458                __math_divzerof
 .text.__math_invalidf
                0x0801347c       0x1e C:/ST/STM32CubeIDE_2.0.0/STM32CubeIDE/plugins/com.st.stm32cube.ide.mcu.externaltools.gnu-tools-for-stm32.13.3.rel1.win32_1.0.100.202509120712/tools/bin/../lib/gcc/arm-none-eabi/13.3.1/../../../../arm-none-eabi/lib/thumb/v7e-m+dp/hard\libm.a(libm_a-math_errf.o)
                0x0801347c                __math_invalidf
 .text.__ieee754_sqrt
                0x0801349a        0x6 C:/ST/STM32CubeIDE_2.0.0/STM32CubeIDE/plugins/com.st.stm32cube.ide.mcu.externaltools.gnu-tools-for-stm32.13.3.rel1.win32_1.0.100.202509120712/tools/bin/../lib/gcc/arm-none-eabi/13.3.1/../../../../arm-none-eabi/lib/thumb/v7e-m+dp/hard\libm.a(libm_a-e_sqrt.o)
                0x0801349a                __ieee754_sqrt
 .text.__ieee754_sqrtf
                0x080134a0        0x6 C:/ST/STM32CubeIDE_2.0.0/STM32CubeIDE/plugins/com.st.stm32cube.ide.mcu.externaltools.gnu-tools-for-stm32.13.3.rel1.win32_1.0.100.202509120712/tools/bin/../lib/gcc/arm-none-eabi/13.3.1/../../../../arm-none-eabi/lib/thumb/v7e-m+dp/hard\libm.a(libm_a-ef_sqrt.o)
                0x080134a0                __ieee754_sqrtf
 *(.glue_7)
 .glue_7        0x080134a6        0x0 linker stubs
 *(.glue_7t)
 .glue_7t       0x080134a6        0x0 linker stubs
 *(.eh_frame)
 *fill*         0x080134a6        0x2 
 .eh_frame      0x080134a8        0x0 C:/ST/STM32CubeIDE_2.0.0/STM32CubeIDE/plugins/com.st.stm32cube.ide.mcu.externaltools.gnu-tools-for-stm32.13.3.rel1.win32_1.0.100.202509120712/tools/bin/../lib/gcc/arm-none-eabi/13.3.1/thumb/v7e-m+dp/hard/crtbegin.o
 *(.init)
 .init          0x080134a8        0x4 C:/ST/STM32CubeIDE_2.0.0/STM32CubeIDE/plugins/com.st.stm32cube.ide.mcu.externaltools.gnu-tools-for-stm32.13.3.rel1.win32_1.0.100.202509120712/tools/bin/../lib/gcc/arm-none-eabi/13.3.1/thumb/v7e-m+dp/hard/crti.o
                0x080134a8                _init
 .init          0x080134ac        0x8 C:/ST/STM32CubeIDE_2.0.0/STM32CubeIDE/plugins/com.st.stm32cube.ide.mcu.externaltools.gnu-tools-for-stm32.13.3.rel1.win32_1.0.100.202509120712/tools/bin/../lib/gcc/arm-none-eabi/13.3.1/thumb/v7e-m+dp/hard/crtn.o
 *(.fini)
 .fini          0x080134b4        0x4 C:/ST/STM32CubeIDE_2.0.0/STM32CubeIDE/plugins/com.st.stm32cube.ide.mcu.externaltools.gnu-tools-for-stm32.13.3.rel1.win32_1.0.100.202509120712/tools/bin/../lib/gcc/arm-none-eabi/13.3.1/thumb/v7e-m+dp/hard/crti.o
                0x080134b4                _fini