../Core/Src/ground_calibration.c:57:17:elapsed_ms	16	static
../Core/Src/ground_calibration.c:63:13:time_is_after	16	static
../Core/Src/ground_calibration.c:68:14:clamp_unit	16	static
../Core/Src/ground_calibration.c:81:13:finite_vector3	16	static
../Core/Src/ground_calibration.c:89:13:scalar_statistics_add	32	static
../Core/Src/ground_calibration.c:101:13:vector_statistics_add	40	static
../Core/Src/ground_calibration.c:119:15:scalar_statistics_stddev	16	static
../Core/Src/ground_calibration.c:128:15:vector_statistics_stddev	16	static
../Core/Src/ground_calibration.c:139:13:clear_collection_statistics	8	static
../Core/Src/ground_calibration.c:156:13:reset_collection	16	static
../Core/Src/ground_calibration.c:166:13:begin_window_if_needed	16	static
../Core/Src/ground_calibration.c:175:13:note_sample_time	16	static
../Core/Src/ground_calibration.c:187:13:required_samples_are_current	16	static
../Core/Src/ground_calibration.c:203:13:sample_requirements_met	8	static
../Core/Src/ground_calibration.c:219:13:try_to_commit_result	120	static
../Core/Src/ground_calibration.c:314:6:ground_calibration_init	16	static
../Core/Src/ground_calibration.c:319:6:ground_calibration_restart	16	static
../Core/Src/ground_calibration.c:328:6:ground_calibration_abort	8	static
../Core/Src/ground_calibration.c:340:6:ground_calibration_fault	16	static
../Core/Src/ground_calibration.c:348:6:ground_calibration_update	16	static
../Core/Src/ground_calibration.c:396:6:ground_calibration_process_imu	32	static
../Core/Src/ground_calibration.c:475:6:ground_calibration_process_baro	16	static
../Core/Src/ground_calibration.c:525:26:ground_calibration_get_state	4	static
../Core/Src/ground_calibration.c:530:28:ground_calibration_get_failure	4	static
../Core/Src/ground_calibration.c:535:34:ground_calibration_get_result	4	static
../Core/Src/ground_calibration.c:540:7:ground_calibration_get_progress	24	static
../Core/Src/ground_calibration.c:587:6:ground_calibration_is_ready	4	static
../Core/Src/ground_calibration.c:593:6:ground_calibration_correct_gyro	24	static
../Core/Src/ground_calibration.c:612:6:ground_calibration_altitude_agl_m	24	static
