../Core/Src/logger.c:48:13:logger_bytes_are_erased	24	static
../Core/Src/logger.c:65:17:logger_metadata_check	16	static
../Core/Src/logger.c:75:25:logger_expected_metadata	48	static
../Core/Src/logger.c:90:13:logger_metadata_is_valid	48	static
../Core/Src/logger.c:102:26:logger_write_metadata	32	static
../Core/Src/logger.c:111:17:logger_get_record_address	24	static
../Core/Src/logger.c:128:19:logger_init	88	static
../Core/Src/logger.c:268:19:logger_append	24	static
../Core/Src/logger.c:361:10:logger_get_write_address	4	static
../Core/Src/logger.c:366:10:logger_get_record_count	4	static
../Core/Src/logger.c:371:6:logger_is_full	4	static
../Core/Src/logger.c:376:19:logger_read_record	24	static
../Core/Src/logger.c:425:19:logger_erase	8	static
../Core/Src/logger.c:468:10:logger_get_capacity	4	static
../Core/Src/logger.c:473:10:logger_get_format_version	4	static
../Core/Src/logger.c:478:6:flash_logger_init	8	static
../Core/Src/logger.c:509:19:logger_start	8	static
../Core/Src/logger.c:551:19:logger_stop	8	static
../Core/Src/logger.c:577:6:logger_is_active	4	static
