../Core/Src/main.c:107:5:__io_putchar	16	static
../Core/Src/main.c:120:5:main	56	static
../Core/Src/main.c:259:6:SystemClock_Config	120	static
../Core/Src/main.c:319:13:MX_I2C1_Init	8	static
../Core/Src/main.c:367:13:MX_I2C2_Init	8	static
../Core/Src/main.c:415:13:MX_I2C3_Init	8	static
../Core/Src/main.c:463:13:MX_QUADSPI_Init	8	static
../Core/Src/main.c:498:13:MX_RTC_Init	32	static
../Core/Src/main.c:574:13:MX_USART1_UART_Init	8	static
../Core/Src/main.c:622:13:MX_USART2_UART_Init	8	static
../Core/Src/main.c:670:13:MX_GPIO_Init	56	static
../Core/Src/main.c:728:6:HAL_UART_RxCpltCallback	16	static
../Core/Src/main.c:780:6:MPU_Config	24	static
../Core/Src/main.c:811:6:Error_Handler	4	static,ignoring_inline_asm
