../Core/Src/main.c:137:5:__io_putchar	16	static
../Core/Src/main.c:150:5:main	240	static
../Core/Src/main.c:738:6:SystemClock_Config	120	static
../Core/Src/main.c:798:13:MX_I2C1_Init	8	static
../Core/Src/main.c:846:13:MX_I2C2_Init	8	static
../Core/Src/main.c:894:13:MX_I2C3_Init	8	static
../Core/Src/main.c:942:13:MX_QUADSPI_Init	8	static
../Core/Src/main.c:977:13:MX_RTC_Init	32	static
../Core/Src/main.c:1053:13:MX_USART1_UART_Init	8	static
../Core/Src/main.c:1101:13:MX_USART2_UART_Init	8	static
../Core/Src/main.c:1149:13:MX_GPIO_Init	56	static
../Core/Src/main.c:1207:6:flight_request_ground_calibration_restart	4	static
../Core/Src/main.c:1218:6:flight_request_ground_calibration_abort	4	static
../Core/Src/main.c:1223:6:flight_confirm_ground_mode	4	static
../Core/Src/main.c:1229:6:flight_lock_ground_calibration	8	static
../Core/Src/main.c:1246:6:flight_is_ground_mode_confirmed	4	static
../Core/Src/main.c:1251:6:flight_get_latest_imu_sample	24	static
../Core/Src/main.c:1262:6:flight_get_latest_baro_sample	16	static
../Core/Src/main.c:1273:6:flight_get_latest_altitude_agl_m	16	static
../Core/Src/main.c:1284:6:HAL_UART_RxCpltCallback	16	static
../Core/Src/main.c:1336:6:MPU_Config	24	static
../Core/Src/main.c:1367:6:Error_Handler	4	static,ignoring_inline_asm
