../Core/Src/main.c:107:5:__io_putchar	1
../Core/Src/main.c:120:5:main	6
../Core/Src/main.c:259:6:SystemClock_Config	4
../Core/Src/main.c:319:13:MX_I2C1_Init	4
../Core/Src/main.c:367:13:MX_I2C2_Init	4
../Core/Src/main.c:415:13:MX_I2C3_Init	4
../Core/Src/main.c:463:13:MX_QUADSPI_Init	2
../Core/Src/main.c:498:13:MX_RTC_Init	5
../Core/Src/main.c:574:13:MX_USART1_UART_Init	5
../Core/Src/main.c:622:13:MX_USART2_UART_Init	5
../Core/Src/main.c:670:13:MX_GPIO_Init	1
../Core/Src/main.c:728:6:HAL_UART_RxCpltCallback	12
../Core/Src/main.c:780:6:MPU_Config	1
../Core/Src/main.c:811:6:Error_Handler	1
