../Core/Src/s25fl128s.c:58:9:S25FL128S_GetFlashInfo	16	static
../Core/Src/s25fl128s.c:76:9:S25FL128S_WriteEnable	96	static
../Core/Src/s25fl128s.c:123:9:S25FL128S_WriteDisable	72	static
../Core/Src/s25fl128s.c:159:9:S25FL128S_PageProgram	80	static
../Core/Src/s25fl128s.c:212:9:S25FL128S_AutoPollingMemReady	96	static
../Core/Src/s25fl128s.c:251:9:S25FL128S_Enter4BytesAddressMode	16	static
../Core/Src/s25fl128s.c:275:9:S25FL128S_ReadSTR	80	static
../Core/Src/s25fl128s.c:357:9:S25FL128S_BlockErase	80	static
../Core/Src/s25fl128s.c:412:9:S25FL128S_ChipErase	72	static
../Core/Src/s25fl128s.c:445:9:S25FL128S_EnableMemoryMappedModeSTR	80	static
../Core/Src/s25fl128s.c:520:9:S25FL128S_ReadStatusRegister	80	static
../Core/Src/s25fl128s.c:560:9:S25FL128S_ResetEnable	72	static
../Core/Src/s25fl128s.c:594:9:S25FL128S_ResetMemory	72	static
../Core/Src/s25fl128s.c:629:9:S25FL128S_ReadID	80	static
../Core/Src/s25fl128s.c:671:9:S25FL128S_ProgEraseSuspend	72	static
../Core/Src/s25fl128s.c:704:9:S25FL128S_ProgEraseResume	72	static
../Core/Src/s25fl128s.c:736:9:S25FL128S_EnterDeepPowerDown	16	static
../Core/Src/s25fl128s.c:755:9:S25FL128S_ReadSFDP	24	static
